109.201.98.28 - - [11/Sep/2020:09:16:16 +0000] "GET /bitrix/tools/captcha.php?captcha_code=0cc046ada31d1ae53681e11db7dbdc73 HTTP/1.0" 200 2591 "http://www.sven.fi/ru/catalog/compare/?category=portable_acoustics&ids=26236:22865:26202:23451" "Mozilla/5.0 (Windows NT 6.1; Win64; x64) AppleWebKit/537.36 (KHTML, like Gecko) Chrome/83.0.4103.116 Safari/537.36"
5.9.151.57 - - [11/Sep/2020:09:16:16 +0000] "GET /fi/press/publications/?set_filter=Y&arrFilter_DATE_ACTIVE_FROM_1=01.01.1836&arrFilter_DATE_ACTIVE_FROM_2=31.12.1836&YEAR=1836&SHOWALL_1=0 HTTP/1.0" 200 7472 "-" "Mozilla/5.0 (compatible; MJ12bot/v1.4.8; http://mj12bot.com/)"
23.23.142.128 - - [11/Sep/2020:09:16:18 +0000] "GET / HTTP/1.0" 200 14051 "-" "BitrixCloud Monitoring/1.0"
5.9.151.57 - - [11/Sep/2020:09:16:20 +0000] "GET /fi/press/publications/?set_filter=Y&arrFilter_DATE_ACTIVE_FROM_1=01.01.1836&arrFilter_DATE_ACTIVE_FROM_2=31.12.1836&YEAR=1836&SHOWALL_1=1 HTTP/1.0" 200 7471 "-" "Mozilla/5.0 (compatible; MJ12bot/v1.4.8; http://mj12bot.com/)"
5.9.151.57 - - [11/Sep/2020:09:16:21 +0000] "GET /fi/press/publications/?set_filter=Y&arrFilter_DATE_ACTIVE_FROM_1=01.01.1837&arrFilter_DATE_ACTIVE_FROM_2=31.12.1837&YEAR=1837&SHOWALL_1=0 HTTP/1.0" 200 7471 "-" "Mozilla/5.0 (compatible; MJ12bot/v1.4.8; http://mj12bot.com/)"
5.9.151.57 - - [11/Sep/2020:09:16:24 +0000] "GET /gr/press/news/?set_filter=Y&arrFilter_DATE_ACTIVE_FROM_1=01.01.1643&arrFilter_DATE_ACTIVE_FROM_2=31.12.1643&YEAR=1643 HTTP/1.0" 200 7384 "-" "Mozilla/5.0 (compatible; MJ12bot/v1.4.8; http://mj12bot.com/)"
178.34.151.140 - - [11/Sep/2020:09:16:24 +0000] "GET /ru/catalog/controllers/x-pad.htm HTTP/1.0" 200 14560 "https://www.google.com/" "Mozilla/5.0 (Windows NT 10.0; Win64; x64) AppleWebKit/537.36 (KHTML, like Gecko) Chrome/85.0.4183.83 Safari/537.36"
5.9.151.57 - - [11/Sep/2020:09:16:26 +0000] "GET /gr/press/news/?set_filter=Y&arrFilter_DATE_ACTIVE_FROM_1=01.01.1644&arrFilter_DATE_ACTIVE_FROM_2=31.12.1644&YEAR=1644 HTTP/1.0" 200 7386 "-" "Mozilla/5.0 (compatible; MJ12bot/v1.4.8; http://mj12bot.com/)"
5.9.151.57 - - [11/Sep/2020:09:16:28 +0000] "GET /gr/press/news/?set_filter=Y&arrFilter_DATE_ACTIVE_FROM_1=01.01.1645&arrFilter_DATE_ACTIVE_FROM_2=31.12.1645&YEAR=1645 HTTP/1.0" 200 7391 "-" "Mozilla/5.0 (compatible; MJ12bot/v1.4.8; http://mj12bot.com/)"
185.191.171.2 - - [11/Sep/2020:09:16:30 +0000] "GET /en/press/news/detail.php?id=26243 HTTP/1.0" 200 6703 "-" "Mozilla/5.0 (compatible; SemrushBot/6~bl; +http://www.semrush.com/bot.html)"
5.9.151.57 - - [11/Sep/2020:09:16:30 +0000] "GET /gr/press/news/?set_filter=Y&arrFilter_DATE_ACTIVE_FROM_1=01.01.1831&arrFilter_DATE_ACTIVE_FROM_2=31.12.1831&YEAR=1831 HTTP/1.0" 200 7384 "-" "Mozilla/5.0 (compatible; MJ12bot/v1.4.8; http://mj12bot.com/)"
178.34.151.140 - - [11/Sep/2020:09:16:31 +0000] "GET /bitrix/tools/captcha.php?captcha_code=09fc4a9439f0046b29f30bf7c432b2d6 HTTP/1.0" 200 2628 "http://www.sven.fi/ru/catalog/controllers/x-pad.htm" "Mozilla/5.0 (Windows NT 10.0; Win64; x64) AppleWebKit/537.36 (KHTML, like Gecko) Chrome/85.0.4183.83 Safari/537.36"
5.9.151.57 - - [11/Sep/2020:09:16:32 +0000] "GET /gr/press/news/?set_filter=Y&arrFilter_DATE_ACTIVE_FROM_1=01.01.1832&arrFilter_DATE_ACTIVE_FROM_2=31.12.1832&YEAR=1832 HTTP/1.0" 200 7385 "-" "Mozilla/5.0 (compatible; MJ12bot/v1.4.8; http://mj12bot.com/)"
5.9.151.57 - - [11/Sep/2020:09:16:34 +0000] "GET /gr/press/news/?set_filter=Y&arrFilter_DATE_ACTIVE_FROM_1=01.01.1833&arrFilter_DATE_ACTIVE_FROM_2=31.12.1833&YEAR=1833 HTTP/1.0" 200 7386 "-" "Mozilla/5.0 (compatible; MJ12bot/v1.4.8; http://mj12bot.com/)"
185.191.171.11 - - [11/Sep/2020:09:16:34 +0000] "GET /fi/catalog/keyboard/standard_mini_4000.htm HTTP/1.0" 200 10368 "-" "Mozilla/5.0 (compatible; SemrushBot/6~bl; +http://www.semrush.com/bot.html)"
5.9.151.57 - - [11/Sep/2020:09:16:36 +0000] "GET /gr/press/news/?set_filter=Y&arrFilter_DATE_ACTIVE_FROM_1=01.01.1834&arrFilter_DATE_ACTIVE_FROM_2=31.12.1834&YEAR=1834 HTTP/1.0" 200 7386 "-" "Mozilla/5.0 (compatible; MJ12bot/v1.4.8; http://mj12bot.com/)"
5.9.151.57 - - [11/Sep/2020:09:16:38 +0000] "GET /gr/press/news/index.php?set_filter=Y&arrFilter_DATE_ACTIVE_FROM_1=01.01.1649&arrFilter_DATE_ACTIVE_FROM_2=31.12.1649&YEAR=1649 HTTP/1.0" 200 7391 "-" "Mozilla/5.0 (compatible; MJ12bot/v1.4.8; http://mj12bot.com/)"
5.101.20.144 - - [11/Sep/2020:09:16:38 +0000] "GET /ru/catalog/headphones_pc/ap-540.htm HTTP/1.0" 200 13416 "https://www.google.com/" "Mozilla/5.0 (Windows NT 6.1) AppleWebKit/537.36 (KHTML, like Gecko) Chrome/80.0.3987.149 Safari/537.36"
54.36.149.29 - - [11/Sep/2020:09:16:40 +0000] "GET /fi/catalog/ups/power_smart_3000.htm HTTP/1.0" 200 10741 "-" "Mozilla/5.0 (compatible; AhrefsBot/7.0; +http://ahrefs.com/robot/)"
5.9.151.57 - - [11/Sep/2020:09:16:41 +0000] "GET /gr/press/news/index.php?set_filter=Y&arrFilter_DATE_ACTIVE_FROM_1=01.01.1650&arrFilter_DATE_ACTIVE_FROM_2=31.12.1650&YEAR=1650 HTTP/1.0" 200 7388 "-" "Mozilla/5.0 (compatible; MJ12bot/v1.4.8; http://mj12bot.com/)"
178.34.151.140 - - [11/Sep/2020:09:16:41 +0000] "GET /ru//support/techsupport/support-listprod.php?category=2415 HTTP/1.0" 200 8102 "http://www.sven.fi/ru/catalog/controllers/x-pad.htm" "Mozilla/5.0 (Windows NT 10.0; Win64; x64) AppleWebKit/537.36 (KHTML, like Gecko) Chrome/85.0.4183.83 Safari/537.36"
5.101.20.144 - - [11/Sep/2020:09:16:41 +0000] "GET /bitrix/tools/captcha.php?captcha_code=0c158b862ba6327ff24c7db5b368b650 HTTP/1.0" 200 2642 "http://www.sven.fi/ru/catalog/headphones_pc/ap-540.htm" "Mozilla/5.0 (Windows NT 6.1) AppleWebKit/537.36 (KHTML, like Gecko) Chrome/80.0.3987.149 Safari/537.36"
185.191.171.20 - - [11/Sep/2020:09:16:41 +0000] "GET /fi/catalog/multimedia_2.1/ms-2050.htm HTTP/1.0" 200 11516 "-" "Mozilla/5.0 (compatible; SemrushBot/6~bl; +http://www.semrush.com/bot.html)"
5.9.151.57 - - [11/Sep/2020:09:16:43 +0000] "GET /gr/press/news/index.php?set_filter=Y&arrFilter_DATE_ACTIVE_FROM_1=01.01.1651&arrFilter_DATE_ACTIVE_FROM_2=31.12.1651&YEAR=1651 HTTP/1.0" 200 7382 "-" "Mozilla/5.0 (compatible; MJ12bot/v1.4.8; http://mj12bot.com/)"
5.9.151.57 - - [11/Sep/2020:09:16:45 +0000] "GET /gr/press/news/index.php?set_filter=Y&arrFilter_DATE_ACTIVE_FROM_1=01.01.1837&arrFilter_DATE_ACTIVE_FROM_2=31.12.1837&YEAR=1837 HTTP/1.0" 200 7392 "-" "Mozilla/5.0 (compatible; MJ12bot/v1.4.8; http://mj12bot.com/)"
5.9.151.57 - - [11/Sep/2020:09:16:47 +0000] "GET /gr/press/news/index.php?set_filter=Y&arrFilter_DATE_ACTIVE_FROM_1=01.01.1838&arrFilter_DATE_ACTIVE_FROM_2=31.12.1838&YEAR=1838 HTTP/1.0" 200 7389 "-" "Mozilla/5.0 (compatible; MJ12bot/v1.4.8; http://mj12bot.com/)"
5.9.151.57 - - [11/Sep/2020:09:16:49 +0000] "GET /gr/press/news/index.php?set_filter=Y&arrFilter_DATE_ACTIVE_FROM_1=01.01.1839&arrFilter_DATE_ACTIVE_FROM_2=31.12.1839&YEAR=1839 HTTP/1.0" 200 7391 "-" "Mozilla/5.0 (compatible; MJ12bot/v1.4.8; http://mj12bot.com/)"
5.9.151.57 - - [11/Sep/2020:09:16:51 +0000] "GET /gr/press/news/index.php?set_filter=Y&arrFilter_DATE_ACTIVE_FROM_1=01.01.1840&arrFilter_DATE_ACTIVE_FROM_2=31.12.1840&YEAR=1840 HTTP/1.0" 200 7390 "-" "Mozilla/5.0 (compatible; MJ12bot/v1.4.8; http://mj12bot.com/)"
5.9.151.57 - - [11/Sep/2020:09:16:53 +0000] "GET /gr/press/publications/?set_filter=Y&arrFilter_DATE_ACTIVE_FROM_1=01.01.1648&arrFilter_DATE_ACTIVE_FROM_2=31.12.1648&YEAR=1648 HTTP/1.0" 200 7500 "-" "Mozilla/5.0 (compatible; MJ12bot/v1.4.8; http://mj12bot.com/)"
178.34.151.140 - - [11/Sep/2020:09:16:55 +0000] "GET /bitrix/tools/captcha.php?captcha_code=058bc84056dc336d1e631fa49a9acea8 HTTP/1.0" 200 2551 "http://www.sven.fi/ru//support/techsupport/support-listprod.php?category=2415" "Mozilla/5.0 (Windows NT 10.0; Win64; x64) AppleWebKit/537.36 (KHTML, like Gecko) Chrome/85.0.4183.83 Safari/537.36"
5.9.151.57 - - [11/Sep/2020:09:16:55 +0000] "GET /gr/press/publications/?set_filter=Y&arrFilter_DATE_ACTIVE_FROM_1=01.01.1649&arrFilter_DATE_ACTIVE_FROM_2=31.12.1649&YEAR=1649 HTTP/1.0" 200 7497 "-" "Mozilla/5.0 (compatible; MJ12bot/v1.4.8; http://mj12bot.com/)"
5.9.151.57 - - [11/Sep/2020:09:16:57 +0000] "GET /gr/press/publications/?set_filter=Y&arrFilter_DATE_ACTIVE_FROM_1=01.01.1649&arrFilter_DATE_ACTIVE_FROM_2=31.12.1649&YEAR=1649&SHOWALL_1=1 HTTP/1.0" 200 7503 "-" "Mozilla/5.0 (compatible; MJ12bot/v1.4.8; http://mj12bot.com/)"
185.191.171.5 - - [11/Sep/2020:09:16:59 +0000] "GET /fi/catalog/mouse/rx-220w.htm HTTP/1.0" 200 10230 "-" "Mozilla/5.0 (compatible; SemrushBot/6~bl; +http://www.semrush.com/bot.html)"
5.9.151.57 - - [11/Sep/2020:09:17:00 +0000] "GET /gr/press/publications/?set_filter=Y&arrFilter_DATE_ACTIVE_FROM_1=01.01.1650&arrFilter_DATE_ACTIVE_FROM_2=31.12.1650&YEAR=1650 HTTP/1.0" 200 7501 "-" "Mozilla/5.0 (compatible; MJ12bot/v1.4.8; http://mj12bot.com/)"
5.9.151.57 - - [11/Sep/2020:09:17:03 +0000] "GET /gr/press/publications/?set_filter=Y&arrFilter_DATE_ACTIVE_FROM_1=01.01.1650&arrFilter_DATE_ACTIVE_FROM_2=31.12.1650&YEAR=1650&SHOWALL_1=0 HTTP/1.0" 200 7498 "-" "Mozilla/5.0 (compatible; MJ12bot/v1.4.8; http://mj12bot.com/)"
178.154.200.35 - - [11/Sep/2020:09:17:03 +0000] "GET /ru/press/publications/detail.php?id=22922&sphrase_id=1564495 HTTP/1.0" 200 10076 "-" "Mozilla/5.0 (compatible; YandexBot/3.0; +http://yandex.com/bots)"
5.9.151.57 - - [11/Sep/2020:09:17:05 +0000] "GET /gr/press/publications/?set_filter=Y&arrFilter_DATE_ACTIVE_FROM_1=01.01.1650&arrFilter_DATE_ACTIVE_FROM_2=31.12.1650&YEAR=1650&SHOWALL_1=1 HTTP/1.0" 200 7497 "-" "Mozilla/5.0 (compatible; MJ12bot/v1.4.8; http://mj12bot.com/)"
54.36.149.96 - - [11/Sep/2020:09:17:06 +0000] "GET /fi/catalog/ups/power_smart_l_1000.htm HTTP/1.0" 200 10819 "-" "Mozilla/5.0 (compatible; AhrefsBot/7.0; +http://ahrefs.com/robot/)"
185.191.171.24 - - [11/Sep/2020:09:17:07 +0000] "GET /ru/press/news/detail.php?id=5605 HTTP/1.0" 200 7147 "-" "Mozilla/5.0 (compatible; SemrushBot/6~bl; +http://www.semrush.com/bot.html)"
95.156.81.6 - - [11/Sep/2020:09:17:06 +0000] "GET /ru/catalog/headsets/ap_b250mv.htm HTTP/1.0" 200 24049 "https://www.google.com/" "Mozilla/5.0 (Windows NT 10.0; Win64; x64) AppleWebKit/537.36 (KHTML, like Gecko) Chrome/85.0.4183.102 Safari/537.36"
178.34.151.140 - - [11/Sep/2020:09:17:07 +0000] "GET /ru/catalog/controllers/x-pad.htm HTTP/1.0" 200 14560 "https://www.google.com/" "Mozilla/5.0 (Windows NT 10.0; Win64; x64) AppleWebKit/537.36 (KHTML, like Gecko) Chrome/85.0.4183.83 Safari/537.36"
5.9.151.57 - - [11/Sep/2020:09:17:08 +0000] "GET /gr/press/publications/?set_filter=Y&arrFilter_DATE_ACTIVE_FROM_1=01.01.1651&arrFilter_DATE_ACTIVE_FROM_2=31.12.1651&YEAR=1651&SHOWALL_1=0 HTTP/1.0" 200 7497 "-" "Mozilla/5.0 (compatible; MJ12bot/v1.4.8; http://mj12bot.com/)"
178.34.151.140 - - [11/Sep/2020:09:17:09 +0000] "GET /bitrix/tools/captcha.php?captcha_code=01cd4bd5f76819f24a059fe1c84f93d7 HTTP/1.0" 200 2747 "http://www.sven.fi/ru/catalog/controllers/x-pad.htm" "Mozilla/5.0 (Windows NT 10.0; Win64; x64) AppleWebKit/537.36 (KHTML, like Gecko) Chrome/85.0.4183.83 Safari/537.36"
5.9.151.57 - - [11/Sep/2020:09:17:13 +0000] "GET /gr/press/publications/?set_filter=Y&arrFilter_DATE_ACTIVE_FROM_1=01.01.1651&arrFilter_DATE_ACTIVE_FROM_2=31.12.1651&YEAR=1651&SHOWALL_1=1 HTTP/1.0" 200 7498 "-" "Mozilla/5.0 (compatible; MJ12bot/v1.4.8; http://mj12bot.com/)"
5.9.151.57 - - [11/Sep/2020:09:17:15 +0000] "GET /gr/press/publications/?set_filter=Y&arrFilter_DATE_ACTIVE_FROM_1=01.01.1652&arrFilter_DATE_ACTIVE_FROM_2=31.12.1652&YEAR=1652&SHOWALL_1=0 HTTP/1.0" 200 7494 "-" "Mozilla/5.0 (compatible; MJ12bot/v1.4.8; http://mj12bot.com/)"
95.156.81.6 - - [11/Sep/2020:09:17:18 +0000] "GET /upload/iblock_photos/electrical/se-2201/ HTTP/1.0" 404 4812 "http://www.sven.fi/ru/catalog/headsets/ap_b250mv.htm" "Mozilla/5.0 (Windows NT 10.0; Win64; x64) AppleWebKit/537.36 (KHTML, like Gecko) Chrome/85.0.4183.102 Safari/537.36"
95.156.81.6 - - [11/Sep/2020:09:17:18 +0000] "GET /upload/iblock_photos/electrical/se-2202/ HTTP/1.0" 404 4811 "http://www.sven.fi/ru/catalog/headsets/ap_b250mv.htm" "Mozilla/5.0 (Windows NT 10.0; Win64; x64) AppleWebKit/537.36 (KHTML, like Gecko) Chrome/85.0.4183.102 Safari/537.36"
95.156.81.6 - - [11/Sep/2020:09:17:18 +0000] "GET /upload/iblock_photos/electrical/se-2210/ HTTP/1.0" 404 4811 "http://www.sven.fi/ru/catalog/headsets/ap_b250mv.htm" "Mozilla/5.0 (Windows NT 10.0; Win64; x64) AppleWebKit/537.36 (KHTML, like Gecko) Chrome/85.0.4183.102 Safari/537.36"
95.156.81.6 - - [11/Sep/2020:09:17:18 +0000] "GET /upload/iblock_photos/electrical/se-2227/ HTTP/1.0" 404 4812 "http://www.sven.fi/ru/catalog/headsets/ap_b250mv.htm" "Mozilla/5.0 (Windows NT 10.0; Win64; x64) AppleWebKit/537.36 (KHTML, like Gecko) Chrome/85.0.4183.102 Safari/537.36"
95.156.81.6 - - [11/Sep/2020:09:17:18 +0000] "GET /upload/iblock_photos/electrical/se-2228/ HTTP/1.0" 404 4811 "http://www.sven.fi/ru/catalog/headsets/ap_b250mv.htm" "Mozilla/5.0 (Windows NT 10.0; Win64; x64) AppleWebKit/537.36 (KHTML, like Gecko) Chrome/85.0.4183.102 Safari/537.36"
95.156.81.6 - - [11/Sep/2020:09:17:18 +0000] "GET /upload/iblock_photos/electrical/se-2237/ HTTP/1.0" 404 4812 "http://www.sven.fi/ru/catalog/headsets/ap_b250mv.htm" "Mozilla/5.0 (Windows NT 10.0; Win64; x64) AppleWebKit/537.36 (KHTML, like Gecko) Chrome/85.0.4183.102 Safari/537.36"
95.156.81.6 - - [11/Sep/2020:09:17:18 +0000] "GET /upload/iblock_photos/electrical/se-60002/ HTTP/1.0" 404 4812 "http://www.sven.fi/ru/catalog/headsets/ap_b250mv.htm" "Mozilla/5.0 (Windows NT 10.0; Win64; x64) AppleWebKit/537.36 (KHTML, like Gecko) Chrome/85.0.4183.102 Safari/537.36"
95.156.81.6 - - [11/Sep/2020:09:17:18 +0000] "GET /upload/iblock_photos/electrical/se-60003/ HTTP/1.0" 404 4810 "http://www.sven.fi/ru/catalog/headsets/ap_b250mv.htm" "Mozilla/5.0 (Windows NT 10.0; Win64; x64) AppleWebKit/537.36 (KHTML, like Gecko) Chrome/85.0.4183.102 Safari/537.36"
95.156.81.6 - - [11/Sep/2020:09:17:18 +0000] "GET /upload/iblock_photos/electrical/se-60004/ HTTP/1.0" 404 4811 "http://www.sven.fi/ru/catalog/headsets/ap_b250mv.htm" "Mozilla/5.0 (Windows NT 10.0; Win64; x64) AppleWebKit/537.36 (KHTML, like Gecko) Chrome/85.0.4183.102 Safari/537.36"
5.9.151.57 - - [11/Sep/2020:09:17:18 +0000] "GET /gr/press/publications/?set_filter=Y&arrFilter_DATE_ACTIVE_FROM_1=01.01.1837&arrFilter_DATE_ACTIVE_FROM_2=31.12.1837&YEAR=1837 HTTP/1.0" 200 7504 "-" "Mozilla/5.0 (compatible; MJ12bot/v1.4.8; http://mj12bot.com/)"
95.156.81.6 - - [11/Sep/2020:09:17:18 +0000] "GET /upload/iblock_photos/electrical/se-60011/ HTTP/1.0" 404 4811 "http://www.sven.fi/ru/catalog/headsets/ap_b250mv.htm" "Mozilla/5.0 (Windows NT 10.0; Win64; x64) AppleWebKit/537.36 (KHTML, like Gecko) Chrome/85.0.4183.102 Safari/537.36"
95.156.81.6 - - [11/Sep/2020:09:17:18 +0000] "GET /upload/iblock_photos/electrical/se-60011L/ HTTP/1.0" 404 4811 "http://www.sven.fi/ru/catalog/headsets/ap_b250mv.htm" "Mozilla/5.0 (Windows NT 10.0; Win64; x64) AppleWebKit/537.36 (KHTML, like Gecko) Chrome/85.0.4183.102 Safari/537.36"
95.156.81.6 - - [11/Sep/2020:09:17:18 +0000] "GET /upload/iblock_photos/electrical/se-60012/ HTTP/1.0" 404 4812 "http://www.sven.fi/ru/catalog/headsets/ap_b250mv.htm" "Mozilla/5.0 (Windows NT 10.0; Win64; x64) AppleWebKit/537.36 (KHTML, like Gecko) Chrome/85.0.4183.102 Safari/537.36"
95.156.81.6 - - [11/Sep/2020:09:17:18 +0000] "GET /upload/iblock_photos/electrical/se-60013/ HTTP/1.0" 404 4811 "http://www.sven.fi/ru/catalog/headsets/ap_b250mv.htm" "Mozilla/5.0 (Windows NT 10.0; Win64; x64) AppleWebKit/537.36 (KHTML, like Gecko) Chrome/85.0.4183.102 Safari/537.36"
95.156.81.6 - - [11/Sep/2020:09:17:18 +0000] "GET /upload/iblock_photos/electrical/se-60014-b/ HTTP/1.0" 404 4811 "http://www.sven.fi/ru/catalog/headsets/ap_b250mv.htm" "Mozilla/5.0 (Windows NT 10.0; Win64; x64) AppleWebKit/537.36 (KHTML, like Gecko) Chrome/85.0.4183.102 Safari/537.36"
95.156.81.6 - - [11/Sep/2020:09:17:18 +0000] "GET /upload/iblock_photos/electrical/se-60016/ HTTP/1.0" 404 4811 "http://www.sven.fi/ru/catalog/headsets/ap_b250mv.htm" "Mozilla/5.0 (Windows NT 10.0; Win64; x64) AppleWebKit/537.36 (KHTML, like Gecko) Chrome/85.0.4183.102 Safari/537.36"
95.156.81.6 - - [11/Sep/2020:09:17:18 +0000] "GET /upload/iblock_photos/electrical/se-60016L/ HTTP/1.0" 404 4812 "http://www.sven.fi/ru/catalog/headsets/ap_b250mv.htm" "Mozilla/5.0 (Windows NT 10.0; Win64; x64) AppleWebKit/537.36 (KHTML, like Gecko) Chrome/85.0.4183.102 Safari/537.36"
95.156.81.6 - - [11/Sep/2020:09:17:18 +0000] "GET /upload/iblock_photos/electrical/se-60018/ HTTP/1.0" 404 4811 "http://www.sven.fi/ru/catalog/headsets/ap_b250mv.htm" "Mozilla/5.0 (Windows NT 10.0; Win64; x64) AppleWebKit/537.36 (KHTML, like Gecko) Chrome/85.0.4183.102 Safari/537.36"
95.156.81.6 - - [11/Sep/2020:09:17:18 +0000] "GET /upload/iblock_photos/electrical/se-60019/ HTTP/1.0" 404 4811 "http://www.sven.fi/ru/catalog/headsets/ap_b250mv.htm" "Mozilla/5.0 (Windows NT 10.0; Win64; x64) AppleWebKit/537.36 (KHTML, like Gecko) Chrome/85.0.4183.102 Safari/537.36"
95.156.81.6 - - [11/Sep/2020:09:17:18 +0000] "GET /upload/iblock_photos/electrical/se-60020/ HTTP/1.0" 404 4811 "http://www.sven.fi/ru/catalog/headsets/ap_b250mv.htm" "Mozilla/5.0 (Windows NT 10.0; Win64; x64) AppleWebKit/537.36 (KHTML, like Gecko) Chrome/85.0.4183.102 Safari/537.36"
95.156.81.6 - - [11/Sep/2020:09:17:19 +0000] "GET /upload/iblock_photos/electrical/se-60024/ HTTP/1.0" 404 4812 "http://www.sven.fi/ru/catalog/headsets/ap_b250mv.htm" "Mozilla/5.0 (Windows NT 10.0; Win64; x64) AppleWebKit/537.36 (KHTML, like Gecko) Chrome/85.0.4183.102 Safari/537.36"
95.156.81.6 - - [11/Sep/2020:09:17:19 +0000] "GET /upload/iblock_photos/electrical/se-60023/ HTTP/1.0" 404 4812 "http://www.sven.fi/ru/catalog/headsets/ap_b250mv.htm" "Mozilla/5.0 (Windows NT 10.0; Win64; x64) AppleWebKit/537.36 (KHTML, like Gecko) Chrome/85.0.4183.102 Safari/537.36"
95.156.81.6 - - [11/Sep/2020:09:17:19 +0000] "GET /upload/iblock_photos/electrical/se-60027/ HTTP/1.0" 404 4811 "http://www.sven.fi/ru/catalog/headsets/ap_b250mv.htm" "Mozilla/5.0 (Windows NT 10.0; Win64; x64) AppleWebKit/537.36 (KHTML, like Gecko) Chrome/85.0.4183.102 Safari/537.36"
95.156.81.6 - - [11/Sep/2020:09:17:19 +0000] "GET /upload/iblock_photos/electrical/se-60031m/ HTTP/1.0" 404 4812 "http://www.sven.fi/ru/catalog/headsets/ap_b250mv.htm" "Mozilla/5.0 (Windows NT 10.0; Win64; x64) AppleWebKit/537.36 (KHTML, like Gecko) Chrome/85.0.4183.102 Safari/537.36"
95.156.81.6 - - [11/Sep/2020:09:17:19 +0000] "GET /upload/iblock_photos/electrical/se-60021P/ HTTP/1.0" 404 4812 "http://www.sven.fi/ru/catalog/headsets/ap_b250mv.htm" "Mozilla/5.0 (Windows NT 10.0; Win64; x64) AppleWebKit/537.36 (KHTML, like Gecko) Chrome/85.0.4183.102 Safari/537.36"
95.156.81.6 - - [11/Sep/2020:09:17:19 +0000] "GET /upload/iblock_photos/electrical/se-60034/ HTTP/1.0" 404 4812 "http://www.sven.fi/ru/catalog/headsets/ap_b250mv.htm" "Mozilla/5.0 (Windows NT 10.0; Win64; x64) AppleWebKit/537.36 (KHTML, like Gecko) Chrome/85.0.4183.102 Safari/537.36"
95.156.81.6 - - [11/Sep/2020:09:17:19 +0000] "GET /upload/iblock_photos/electrical/se-60033/ HTTP/1.0" 404 4812 "http://www.sven.fi/ru/catalog/headsets/ap_b250mv.htm" "Mozilla/5.0 (Windows NT 10.0; Win64; x64) AppleWebKit/537.36 (KHTML, like Gecko) Chrome/85.0.4183.102 Safari/537.36"
95.156.81.6 - - [11/Sep/2020:09:17:19 +0000] "GET /upload/iblock_photos/electrical/se-60036/ HTTP/1.0" 404 4812 "http://www.sven.fi/ru/catalog/headsets/ap_b250mv.htm" "Mozilla/5.0 (Windows NT 10.0; Win64; x64) AppleWebKit/537.36 (KHTML, like Gecko) Chrome/85.0.4183.102 Safari/537.36"
95.156.81.6 - - [11/Sep/2020:09:17:19 +0000] "GET /upload/iblock_photos/electrical/se-60038c/ HTTP/1.0" 404 4811 "http://www.sven.fi/ru/catalog/headsets/ap_b250mv.htm" "Mozilla/5.0 (Windows NT 10.0; Win64; x64) AppleWebKit/537.36 (KHTML, like Gecko) Chrome/85.0.4183.102 Safari/537.36"
95.156.81.6 - - [11/Sep/2020:09:17:19 +0000] "GET /upload/iblock_photos/electrical/se-60038f/ HTTP/1.0" 404 4812 "http://www.sven.fi/ru/catalog/headsets/ap_b250mv.htm" "Mozilla/5.0 (Windows NT 10.0; Win64; x64) AppleWebKit/537.36 (KHTML, like Gecko) Chrome/85.0.4183.102 Safari/537.36"
95.156.81.6 - - [11/Sep/2020:09:17:19 +0000] "GET /upload/iblock_photos/electrical/se-65011/ HTTP/1.0" 404 4812 "http://www.sven.fi/ru/catalog/headsets/ap_b250mv.htm" "Mozilla/5.0 (Windows NT 10.0; Win64; x64) AppleWebKit/537.36 (KHTML, like Gecko) Chrome/85.0.4183.102 Safari/537.36"
95.156.81.6 - - [11/Sep/2020:09:17:19 +0000] "GET /upload/iblock_photos/electrical/se-65012/ HTTP/1.0" 404 4812 "http://www.sven.fi/ru/catalog/headsets/ap_b250mv.htm" "Mozilla/5.0 (Windows NT 10.0; Win64; x64) AppleWebKit/537.36 (KHTML, like Gecko) Chrome/85.0.4183.102 Safari/537.36"
95.156.81.6 - - [11/Sep/2020:09:17:19 +0000] "GET /upload/iblock_photos/electrical/se-65014-b/ HTTP/1.0" 404 4812 "http://www.sven.fi/ru/catalog/headsets/ap_b250mv.htm" "Mozilla/5.0 (Windows NT 10.0; Win64; x64) AppleWebKit/537.36 (KHTML, like Gecko) Chrome/85.0.4183.102 Safari/537.36"
95.156.81.6 - - [11/Sep/2020:09:17:19 +0000] "GET /upload/iblock_photos/electrical/se-65013/ HTTP/1.0" 404 4812 "http://www.sven.fi/ru/catalog/headsets/ap_b250mv.htm" "Mozilla/5.0 (Windows NT 10.0; Win64; x64) AppleWebKit/537.36 (KHTML, like Gecko) Chrome/85.0.4183.102 Safari/537.36"
95.156.81.6 - - [11/Sep/2020:09:17:19 +0000] "GET /upload/iblock_photos/electrical/se-65015/ HTTP/1.0" 404 4810 "http://www.sven.fi/ru/catalog/headsets/ap_b250mv.htm" "Mozilla/5.0 (Windows NT 10.0; Win64; x64) AppleWebKit/537.36 (KHTML, like Gecko) Chrome/85.0.4183.102 Safari/537.36"
95.156.81.6 - - [11/Sep/2020:09:17:19 +0000] "GET /upload/iblock_photos/electrical/se-65021/ HTTP/1.0" 404 4811 "http://www.sven.fi/ru/catalog/headsets/ap_b250mv.htm" "Mozilla/5.0 (Windows NT 10.0; Win64; x64) AppleWebKit/537.36 (KHTML, like Gecko) Chrome/85.0.4183.102 Safari/537.36"
95.156.81.6 - - [11/Sep/2020:09:17:19 +0000] "GET /upload/iblock_photos/electrical/se-65023/ HTTP/1.0" 404 4811 "http://www.sven.fi/ru/catalog/headsets/ap_b250mv.htm" "Mozilla/5.0 (Windows NT 10.0; Win64; x64) AppleWebKit/537.36 (KHTML, like Gecko) Chrome/85.0.4183.102 Safari/537.36"
95.156.81.6 - - [11/Sep/2020:09:17:19 +0000] "GET /upload/iblock_photos/electrical/se-65421/ HTTP/1.0" 404 4812 "http://www.sven.fi/ru/catalog/headsets/ap_b250mv.htm" "Mozilla/5.0 (Windows NT 10.0; Win64; x64) AppleWebKit/537.36 (KHTML, like Gecko) Chrome/85.0.4183.102 Safari/537.36"
95.156.81.6 - - [11/Sep/2020:09:17:19 +0000] "GET /upload/iblock_photos/electrical/se-72011l/ HTTP/1.0" 404 4811 "http://www.sven.fi/ru/catalog/headsets/ap_b250mv.htm" "Mozilla/5.0 (Windows NT 10.0; Win64; x64) AppleWebKit/537.36 (KHTML, like Gecko) Chrome/85.0.4183.102 Safari/537.36"
95.156.81.6 - - [11/Sep/2020:09:17:19 +0000] "GET /upload/iblock_photos/electrical/se-72013/ HTTP/1.0" 404 4811 "http://www.sven.fi/ru/catalog/headsets/ap_b250mv.htm" "Mozilla/5.0 (Windows NT 10.0; Win64; x64) AppleWebKit/537.36 (KHTML, like Gecko) Chrome/85.0.4183.102 Safari/537.36"
95.156.81.6 - - [11/Sep/2020:09:17:19 +0000] "GET /upload/iblock_photos/electrical/se-72012l/ HTTP/1.0" 404 4811 "http://www.sven.fi/ru/catalog/headsets/ap_b250mv.htm" "Mozilla/5.0 (Windows NT 10.0; Win64; x64) AppleWebKit/537.36 (KHTML, like Gecko) Chrome/85.0.4183.102 Safari/537.36"
95.156.81.6 - - [11/Sep/2020:09:17:19 +0000] "GET /upload/iblock_photos/electrical/se-72014l-b/ HTTP/1.0" 404 4812 "http://www.sven.fi/ru/catalog/headsets/ap_b250mv.htm" "Mozilla/5.0 (Windows NT 10.0; Win64; x64) AppleWebKit/537.36 (KHTML, like Gecko) Chrome/85.0.4183.102 Safari/537.36"
95.156.81.6 - - [11/Sep/2020:09:17:20 +0000] "GET /upload/iblock_photos/electrical/se-72021p/ HTTP/1.0" 404 4813 "http://www.sven.fi/ru/catalog/headsets/ap_b250mv.htm" "Mozilla/5.0 (Windows NT 10.0; Win64; x64) AppleWebKit/537.36 (KHTML, like Gecko) Chrome/85.0.4183.102 Safari/537.36"
95.156.81.6 - - [11/Sep/2020:09:17:20 +0000] "GET /upload/iblock_photos/%D1%81harger/usb_ac_charger_h113/ HTTP/1.0" 404 4813 "http://www.sven.fi/ru/catalog/headsets/ap_b250mv.htm" "Mozilla/5.0 (Windows NT 10.0; Win64; x64) AppleWebKit/537.36 (KHTML, like Gecko) Chrome/85.0.4183.102 Safari/537.36"
95.156.81.6 - - [11/Sep/2020:09:17:20 +0000] "GET /upload/iblock_photos/%D1%81harger/usb_car_charger_c103/ HTTP/1.0" 404 4812 "http://www.sven.fi/ru/catalog/headsets/ap_b250mv.htm" "Mozilla/5.0 (Windows NT 10.0; Win64; x64) AppleWebKit/537.36 (KHTML, like Gecko) Chrome/85.0.4183.102 Safari/537.36"
95.156.81.6 - - [11/Sep/2020:09:17:20 +0000] "GET /upload/iblock_photos/%D1%81harger/usb_car_charger_c123/ HTTP/1.0" 404 4812 "http://www.sven.fi/ru/catalog/headsets/ap_b250mv.htm" "Mozilla/5.0 (Windows NT 10.0; Win64; x64) AppleWebKit/537.36 (KHTML, like Gecko) Chrome/85.0.4183.102 Safari/537.36"
95.156.81.6 - - [11/Sep/2020:09:17:20 +0000] "GET /upload/iblock_photos/%D1%81harger/usb_car_charger_c127/ HTTP/1.0" 404 4812 "http://www.sven.fi/ru/catalog/headsets/ap_b250mv.htm" "Mozilla/5.0 (Windows NT 10.0; Win64; x64) AppleWebKit/537.36 (KHTML, like Gecko) Chrome/85.0.4183.102 Safari/537.36"
95.156.81.6 - - [11/Sep/2020:09:17:20 +0000] "GET /upload/iblock_photos/hs/hp-760f/ HTTP/1.0" 404 4812 "http://www.sven.fi/ru/catalog/headsets/ap_b250mv.htm" "Mozilla/5.0 (Windows NT 10.0; Win64; x64) AppleWebKit/537.36 (KHTML, like Gecko) Chrome/85.0.4183.102 Safari/537.36"
95.156.81.6 - - [11/Sep/2020:09:17:20 +0000] "GET /upload/iblock_photos/hs/hp-760c/ HTTP/1.0" 404 4813 "http://www.sven.fi/ru/catalog/headsets/ap_b250mv.htm" "Mozilla/5.0 (Windows NT 10.0; Win64; x64) AppleWebKit/537.36 (KHTML, like Gecko) Chrome/85.0.4183.102 Safari/537.36"
95.156.81.6 - - [11/Sep/2020:09:17:20 +0000] "GET /upload/iblock_photos/hs/hp-740f/ HTTP/1.0" 404 4814 "http://www.sven.fi/ru/catalog/headsets/ap_b250mv.htm" "Mozilla/5.0 (Windows NT 10.0; Win64; x64) AppleWebKit/537.36 (KHTML, like Gecko) Chrome/85.0.4183.102 Safari/537.36"
95.156.81.6 - - [11/Sep/2020:09:17:20 +0000] "GET /upload/iblock_photos/hs/hp-760s/ HTTP/1.0" 404 4813 "http://www.sven.fi/ru/catalog/headsets/ap_b250mv.htm" "Mozilla/5.0 (Windows NT 10.0; Win64; x64) AppleWebKit/537.36 (KHTML, like Gecko) Chrome/85.0.4183.102 Safari/537.36"
95.156.81.6 - - [11/Sep/2020:09:17:21 +0000] "GET /upload/iblock_photos/hs/hp-742f/ HTTP/1.0" 404 4811 "http://www.sven.fi/ru/catalog/headsets/ap_b250mv.htm" "Mozilla/5.0 (Windows NT 10.0; Win64; x64) AppleWebKit/537.36 (KHTML, like Gecko) Chrome/85.0.4183.102 Safari/537.36"
95.156.81.6 - - [11/Sep/2020:09:17:21 +0000] "GET /upload/iblock_photos/pink_project/multimedia_637_i_love_you/ HTTP/1.0" 404 4812 "http://www.sven.fi/ru/catalog/headsets/ap_b250mv.htm" "Mozilla/5.0 (Windows NT 10.0; Win64; x64) AppleWebKit/537.36 (KHTML, like Gecko) Chrome/85.0.4183.102 Safari/537.36"
5.9.151.57 - - [11/Sep/2020:09:17:21 +0000] "GET /gr/press/publications/?set_filter=Y&arrFilter_DATE_ACTIVE_FROM_1=01.01.1838&arrFilter_DATE_ACTIVE_FROM_2=31.12.1838&YEAR=1838 HTTP/1.0" 200 7500 "-" "Mozilla/5.0 (compatible; MJ12bot/v1.4.8; http://mj12bot.com/)"
95.156.81.6 - - [11/Sep/2020:09:17:21 +0000] "GET /upload/iblock_photos/hs/hp-780c/ HTTP/1.0" 404 4812 "http://www.sven.fi/ru/catalog/headsets/ap_b250mv.htm" "Mozilla/5.0 (Windows NT 10.0; Win64; x64) AppleWebKit/537.36 (KHTML, like Gecko) Chrome/85.0.4183.102 Safari/537.36"
95.156.81.6 - - [11/Sep/2020:09:17:22 +0000] "GET /upload/iblock_photos/hs/hp-780f/ HTTP/1.0" 404 4811 "http://www.sven.fi/ru/catalog/headsets/ap_b250mv.htm" "Mozilla/5.0 (Windows NT 10.0; Win64; x64) AppleWebKit/537.36 (KHTML, like Gecko) Chrome/85.0.4183.102 Safari/537.36"
95.156.81.6 - - [11/Sep/2020:09:17:22 +0000] "GET /upload/iblock_photos/hs/hp-830s/ HTTP/1.0" 404 4812 "http://www.sven.fi/ru/catalog/headsets/ap_b250mv.htm" "Mozilla/5.0 (Windows NT 10.0; Win64; x64) AppleWebKit/537.36 (KHTML, like Gecko) Chrome/85.0.4183.102 Safari/537.36"
95.156.81.6 - - [11/Sep/2020:09:17:22 +0000] "GET /upload/iblock_photos/hs/hp-830f/ HTTP/1.0" 404 4812 "http://www.sven.fi/ru/catalog/headsets/ap_b250mv.htm" "Mozilla/5.0 (Windows NT 10.0; Win64; x64) AppleWebKit/537.36 (KHTML, like Gecko) Chrome/85.0.4183.102 Safari/537.36"
95.156.81.6 - - [11/Sep/2020:09:17:22 +0000] "GET /upload/iblock_photos/hs/hp-831f/ HTTP/1.0" 404 4811 "http://www.sven.fi/ru/catalog/headsets/ap_b250mv.htm" "Mozilla/5.0 (Windows NT 10.0; Win64; x64) AppleWebKit/537.36 (KHTML, like Gecko) Chrome/85.0.4183.102 Safari/537.36"
95.156.81.6 - - [11/Sep/2020:09:17:22 +0000] "GET /upload/iblock_photos/hs/hp-840f/ HTTP/1.0" 404 4812 "http://www.sven.fi/ru/catalog/headsets/ap_b250mv.htm" "Mozilla/5.0 (Windows NT 10.0; Win64; x64) AppleWebKit/537.36 (KHTML, like Gecko) Chrome/85.0.4183.102 Safari/537.36"
95.156.81.6 - - [11/Sep/2020:09:17:22 +0000] "GET /upload/iblock_photos/hs/hp-880s/ HTTP/1.0" 404 4812 "http://www.sven.fi/ru/catalog/headsets/ap_b250mv.htm" "Mozilla/5.0 (Windows NT 10.0; Win64; x64) AppleWebKit/537.36 (KHTML, like Gecko) Chrome/85.0.4183.102 Safari/537.36"
5.9.151.57 - - [11/Sep/2020:09:17:24 +0000] "GET /gr/press/publications/?set_filter=Y&arrFilter_DATE_ACTIVE_FROM_1=01.01.1838&arrFilter_DATE_ACTIVE_FROM_2=31.12.1838&YEAR=1838&SHOWALL_1=1 HTTP/1.0" 200 7503 "-" "Mozilla/5.0 (compatible; MJ12bot/v1.4.8; http://mj12bot.com/)"
5.9.151.57 - - [11/Sep/2020:09:17:26 +0000] "GET /gr/press/publications/?set_filter=Y&arrFilter_DATE_ACTIVE_FROM_1=01.01.1839&arrFilter_DATE_ACTIVE_FROM_2=31.12.1839&YEAR=1839 HTTP/1.0" 200 7498 "-" "Mozilla/5.0 (compatible; MJ12bot/v1.4.8; http://mj12bot.com/)"
5.9.151.57 - - [11/Sep/2020:09:17:29 +0000] "GET /gr/press/publications/?set_filter=Y&arrFilter_DATE_ACTIVE_FROM_1=01.01.1839&arrFilter_DATE_ACTIVE_FROM_2=31.12.1839&YEAR=1839&SHOWALL_1=0 HTTP/1.0" 200 7498 "-" "Mozilla/5.0 (compatible; MJ12bot/v1.4.8; http://mj12bot.com/)"
54.36.149.34 - - [11/Sep/2020:09:17:31 +0000] "GET /fi/catalog/ups/power_smart_l_2000.htm HTTP/1.0" 200 10812 "-" "Mozilla/5.0 (compatible; AhrefsBot/7.0; +http://ahrefs.com/robot/)"
5.9.151.57 - - [11/Sep/2020:09:17:32 +0000] "GET /gr/press/publications/?set_filter=Y&arrFilter_DATE_ACTIVE_FROM_1=01.01.1839&arrFilter_DATE_ACTIVE_FROM_2=31.12.1839&YEAR=1839&SHOWALL_1=1 HTTP/1.0" 200 7502 "-" "Mozilla/5.0 (compatible; MJ12bot/v1.4.8; http://mj12bot.com/)"
5.9.151.57 - - [11/Sep/2020:09:17:34 +0000] "GET /gr/press/publications/?set_filter=Y&arrFilter_DATE_ACTIVE_FROM_1=01.01.1840&arrFilter_DATE_ACTIVE_FROM_2=31.12.1840&YEAR=1840 HTTP/1.0" 200 7500 "-" "Mozilla/5.0 (compatible; MJ12bot/v1.4.8; http://mj12bot.com/)"
5.9.151.57 - - [11/Sep/2020:09:17:37 +0000] "GET /gr/press/publications/?set_filter=Y&arrFilter_DATE_ACTIVE_FROM_1=01.01.1840&arrFilter_DATE_ACTIVE_FROM_2=31.12.1840&YEAR=1840&SHOWALL_1=0 HTTP/1.0" 200 7498 "-" "Mozilla/5.0 (compatible; MJ12bot/v1.4.8; http://mj12bot.com/)"
5.9.151.57 - - [11/Sep/2020:09:17:39 +0000] "GET /gr/press/publications/?set_filter=Y&arrFilter_DATE_ACTIVE_FROM_1=01.01.1840&arrFilter_DATE_ACTIVE_FROM_2=31.12.1840&YEAR=1840&SHOWALL_1=1 HTTP/1.0" 200 7499 "-" "Mozilla/5.0 (compatible; MJ12bot/v1.4.8; http://mj12bot.com/)"
54.36.148.113 - - [11/Sep/2020:09:17:39 +0000] "GET /en/press/publications/detail.php?id=12343 HTTP/1.0" 200 11288 "-" "Mozilla/5.0 (compatible; AhrefsBot/7.0; +http://ahrefs.com/robot/)"
5.9.151.57 - - [11/Sep/2020:09:17:42 +0000] "GET /gr/press/publications/?set_filter=Y&arrFilter_DATE_ACTIVE_FROM_1=01.01.1841&arrFilter_DATE_ACTIVE_FROM_2=31.12.1841&YEAR=1841&SHOWALL_1=0 HTTP/1.0" 200 7493 "-" "Mozilla/5.0 (compatible; MJ12bot/v1.4.8; http://mj12bot.com/)"
87.255.70.17 - - [11/Sep/2020:09:17:43 +0000] "GET /ru/catalog/mouse/rx-580sw.htm HTTP/1.0" 200 14037 "https://www.google.com/" "Mozilla/5.0 (X11; Ubuntu; Linux x86_64; rv:80.0) Gecko/20100101 Firefox/80.0"
5.9.151.57 - - [11/Sep/2020:09:17:45 +0000] "GET /gr/press/publications/?set_filter=Y&arrFilter_DATE_ACTIVE_FROM_1=01.01.1841&arrFilter_DATE_ACTIVE_FROM_2=31.12.1841&YEAR=1841&SHOWALL_1=1 HTTP/1.0" 200 7497 "-" "Mozilla/5.0 (compatible; MJ12bot/v1.4.8; http://mj12bot.com/)"
87.255.70.17 - - [11/Sep/2020:09:17:46 +0000] "GET /bitrix/tools/captcha.php?captcha_code=01da1501bfe6991e958ac49d9ae4bfd1 HTTP/1.0" 200 2679 "http://www.sven.fi/ru/catalog/mouse/rx-580sw.htm" "Mozilla/5.0 (X11; Ubuntu; Linux x86_64; rv:80.0) Gecko/20100101 Firefox/80.0"
5.9.151.57 - - [11/Sep/2020:09:17:47 +0000] "GET /gr/press/publications/?set_filter=Y&arrFilter_DATE_ACTIVE_FROM_1=01.01.1842&arrFilter_DATE_ACTIVE_FROM_2=31.12.1842&YEAR=1842&SHOWALL_1=0 HTTP/1.0" 200 7495 "-" "Mozilla/5.0 (compatible; MJ12bot/v1.4.8; http://mj12bot.com/)"
95.163.36.13 - - [11/Sep/2020:09:17:48 +0000] "GET /ru/sitemap_000.xml HTTP/1.0" 304 - "-" "Mozilla/5.0 (compatible; Linux x86_64; Mail.RU_Bot/Fast/2.0; +http://go.mail.ru/help/robots)"
5.9.151.57 - - [11/Sep/2020:09:17:49 +0000] "GET /ru/about/awards/?set_filter=Y&arrFilter_DATE_ACTIVE_FROM_1=01.01.1964&arrFilter_DATE_ACTIVE_FROM_2=31.12.1964&YEAR=1964 HTTP/1.0" 200 8482 "-" "Mozilla/5.0 (compatible; MJ12bot/v1.4.8; http://mj12bot.com/)"
5.9.151.57 - - [11/Sep/2020:09:17:50 +0000] "GET /ru/about/awards/?set_filter=Y&arrFilter_DATE_ACTIVE_FROM_1=01.01.1965&arrFilter_DATE_ACTIVE_FROM_2=31.12.1965&YEAR=1965 HTTP/1.0" 200 8486 "-" "Mozilla/5.0 (compatible; MJ12bot/v1.4.8; http://mj12bot.com/)"
81.211.12.166 - - [11/Sep/2020:09:17:51 +0000] "GET /ru/rss HTTP/1.0" 200 66 "-" "Mozilla/5.0 (Windows NT 6.3; Win64; x64) AppleWebKit/537.36 (KHTML, like Gecko) Chrome/84.0.4147.135 Safari/537.36 OPR/70.0.3728.178"
185.191.171.17 - - [11/Sep/2020:09:17:51 +0000] "GET /fi/press/publications/?PAGEN_1=24 HTTP/1.0" 200 9211 "-" "Mozilla/5.0 (compatible; SemrushBot/6~bl; +http://www.semrush.com/bot.html)"
5.9.151.57 - - [11/Sep/2020:09:17:52 +0000] "GET /ru/about/awards/?set_filter=Y&arrFilter_DATE_ACTIVE_FROM_1=01.01.1966&arrFilter_DATE_ACTIVE_FROM_2=31.12.1966&YEAR=1966 HTTP/1.0" 200 8488 "-" "Mozilla/5.0 (compatible; MJ12bot/v1.4.8; http://mj12bot.com/)"
5.9.151.57 - - [11/Sep/2020:09:17:54 +0000] "GET /ru/press/news/?set_filter=Y&arrFilter_DATE_ACTIVE_FROM_1=01.01.1970&arrFilter_DATE_ACTIVE_FROM_2=31.12.1970&YEAR=1970 HTTP/1.0" 200 8451 "-" "Mozilla/5.0 (compatible; MJ12bot/v1.4.8; http://mj12bot.com/)"
54.36.148.170 - - [11/Sep/2020:09:17:56 +0000] "GET /fi/catalog/ups/power_smart_l_3000.htm HTTP/1.0" 200 10823 "-" "Mozilla/5.0 (compatible; AhrefsBot/7.0; +http://ahrefs.com/robot/)"
5.9.151.57 - - [11/Sep/2020:09:17:56 +0000] "GET /ru/press/news/?set_filter=Y&arrFilter_DATE_ACTIVE_FROM_1=01.01.1971&arrFilter_DATE_ACTIVE_FROM_2=31.12.1971&YEAR=1971 HTTP/1.0" 200 8448 "-" "Mozilla/5.0 (compatible; MJ12bot/v1.4.8; http://mj12bot.com/)"
5.9.151.57 - - [11/Sep/2020:09:17:58 +0000] "GET /ru/press/news/?set_filter=Y&arrFilter_DATE_ACTIVE_FROM_1=01.01.1972&arrFilter_DATE_ACTIVE_FROM_2=31.12.1972&YEAR=1972 HTTP/1.0" 200 8444 "-" "Mozilla/5.0 (compatible; MJ12bot/v1.4.8; http://mj12bot.com/)"
178.214.251.23 - - [11/Sep/2020:09:17:59 +0000] "GET /ru/support/techsupport/support-listprod.php?category=3033 HTTP/1.0" 200 8364 "http://www.sven.fi/ru/support/techsupport/support-listprod.php?category=2496" "Mozilla/5.0 (Windows NT 10.0; Win64; x64) AppleWebKit/537.36 (KHTML, like Gecko) Chrome/84.0.4147.125 YaBrowser/20.8.2.92 Yowser/2.5 Safari/537.36"
5.9.151.57 - - [11/Sep/2020:09:18:00 +0000] "GET /ru/press/news/index.php?set_filter=Y&arrFilter_DATE_ACTIVE_FROM_1=01.01.1640&arrFilter_DATE_ACTIVE_FROM_2=31.12.1640&YEAR=1640 HTTP/1.0" 200 8451 "-" "Mozilla/5.0 (compatible; MJ12bot/v1.4.8; http://mj12bot.com/)"
178.214.251.23 - - [11/Sep/2020:09:18:01 +0000] "GET /ru/search/ HTTP/1.0" 200 7410 "https://yandex.ru/" "Mozilla/5.0 (Windows NT 10.0; Win64; x64) AppleWebKit/537.36 (KHTML, like Gecko) Chrome/84.0.4147.125 YaBrowser/20.8.2.92 Yowser/2.5 Safari/537.36"
178.214.251.23 - - [11/Sep/2020:09:18:01 +0000] "GET /bitrix/tools/captcha.php?captcha_code=0904a1cf154799b891451d9be7e3a873 HTTP/1.0" 200 2798 "http://www.sven.fi/ru/support/techsupport/support-listprod.php?category=3033" "Mozilla/5.0 (Windows NT 10.0; Win64; x64) AppleWebKit/537.36 (KHTML, like Gecko) Chrome/84.0.4147.125 YaBrowser/20.8.2.92 Yowser/2.5 Safari/537.36"
87.255.70.17 - - [11/Sep/2020:09:18:02 +0000] "GET /ru/catalog/mouse.htm HTTP/1.0" 200 14496 "http://www.sven.fi/ru/catalog/mouse/rx-580sw.htm" "Mozilla/5.0 (X11; Ubuntu; Linux x86_64; rv:80.0) Gecko/20100101 Firefox/80.0"
5.9.151.57 - - [11/Sep/2020:09:18:02 +0000] "GET /ru/press/news/index.php?set_filter=Y&arrFilter_DATE_ACTIVE_FROM_1=01.01.1641&arrFilter_DATE_ACTIVE_FROM_2=31.12.1641&YEAR=1641 HTTP/1.0" 200 8447 "-" "Mozilla/5.0 (compatible; MJ12bot/v1.4.8; http://mj12bot.com/)"
185.191.171.33 - - [11/Sep/2020:09:18:03 +0000] "GET /ru/robots.txt HTTP/1.0" 404 7425 "-" "Mozilla/5.0 (compatible; SemrushBot/6~bl; +http://www.semrush.com/bot.html)"
87.255.70.17 - - [11/Sep/2020:09:18:03 +0000] "GET /bitrix/tools/captcha.php?captcha_code=038765d291d6aa60cf48a507c0740b12 HTTP/1.0" 200 2673 "http://www.sven.fi/ru/catalog/mouse.htm" "Mozilla/5.0 (X11; Ubuntu; Linux x86_64; rv:80.0) Gecko/20100101 Firefox/80.0"
185.191.171.33 - - [11/Sep/2020:09:18:03 +0000] "GET /ru/catalog/mouse/rx-150.htm HTTP/1.0" 200 12162 "-" "Mozilla/5.0 (compatible; SemrushBot/6~bl; +http://www.semrush.com/bot.html)"
178.214.251.23 - - [11/Sep/2020:09:18:04 +0000] "GET /bitrix/tools/captcha.php?captcha_code=0a4e0548654a874d49d3776f64480c87 HTTP/1.0" 200 2748 "http://www.sven.fi/ru/search/" "Mozilla/5.0 (Windows NT 10.0; Win64; x64) AppleWebKit/537.36 (KHTML, like Gecko) Chrome/84.0.4147.125 YaBrowser/20.8.2.92 Yowser/2.5 Safari/537.36"
185.191.171.25 - - [11/Sep/2020:09:18:04 +0000] "GET /ru/catalog/headphones/ap-520.htm HTTP/1.0" 200 13237 "-" "Mozilla/5.0 (compatible; SemrushBot/6~bl; +http://www.semrush.com/bot.html)"
144.76.29.149 - - [11/Sep/2020:09:18:04 +0000] "GET /robots.txt HTTP/1.0" 200 902 "-" "Mozilla/5.0 (compatible; MJ12bot/v1.4.8; http://mj12bot.com/)"
5.9.151.57 - - [11/Sep/2020:09:18:04 +0000] "GET /ru/press/news/index.php?set_filter=Y&arrFilter_DATE_ACTIVE_FROM_1=01.01.1642&arrFilter_DATE_ACTIVE_FROM_2=31.12.1642&YEAR=1642 HTTP/1.0" 200 8445 "-" "Mozilla/5.0 (compatible; MJ12bot/v1.4.8; http://mj12bot.com/)"
144.76.29.149 - - [11/Sep/2020:09:18:06 +0000] "GET /en/catalog/mouse/rx-g960.htm HTTP/1.0" 200 10345 "-" "Mozilla/5.0 (compatible; MJ12bot/v1.4.8; http://mj12bot.com/)"
5.9.151.57 - - [11/Sep/2020:09:18:06 +0000] "GET /ru/press/news/index.php?set_filter=Y&arrFilter_DATE_ACTIVE_FROM_1=01.01.1828&arrFilter_DATE_ACTIVE_FROM_2=31.12.1828&YEAR=1828 HTTP/1.0" 200 8453 "-" "Mozilla/5.0 (compatible; MJ12bot/v1.4.8; http://mj12bot.com/)"
144.76.29.149 - - [11/Sep/2020:09:18:07 +0000] "GET /en/catalog/party_speakers.htm HTTP/1.0" 200 8654 "-" "Mozilla/5.0 (compatible; MJ12bot/v1.4.8; http://mj12bot.com/)"
5.9.151.57 - - [11/Sep/2020:09:18:08 +0000] "GET /ru/press/news/index.php?set_filter=Y&arrFilter_DATE_ACTIVE_FROM_1=01.01.1829&arrFilter_DATE_ACTIVE_FROM_2=31.12.1829&YEAR=1829 HTTP/1.0" 200 8451 "-" "Mozilla/5.0 (compatible; MJ12bot/v1.4.8; http://mj12bot.com/)"
144.76.29.149 - - [11/Sep/2020:09:18:09 +0000] "GET /en/catalog/party_speakers/ps-720.htm HTTP/1.0" 200 9880 "-" "Mozilla/5.0 (compatible; MJ12bot/v1.4.8; http://mj12bot.com/)"
5.9.151.57 - - [11/Sep/2020:09:18:09 +0000] "GET /ru/press/news/index.php?set_filter=Y&arrFilter_DATE_ACTIVE_FROM_1=01.01.1830&arrFilter_DATE_ACTIVE_FROM_2=31.12.1830&YEAR=1830 HTTP/1.0" 200 8450 "-" "Mozilla/5.0 (compatible; MJ12bot/v1.4.8; http://mj12bot.com/)"
5.3.213.251 - - [11/Sep/2020:09:18:10 +0000] "GET /ru/catalog/ups/power_smart_1400.htm HTTP/1.0" 200 12274 "https://www.google.ru/" "Mozilla/5.0 (Windows NT 6.1; Win64; x64; rv:65.0) Gecko/20100101 Firefox/65.0"
144.76.29.149 - - [11/Sep/2020:09:18:10 +0000] "GET /en/catalog/party_speakers/ps-750.htm HTTP/1.0" 200 9925 "-" "Mozilla/5.0 (compatible; MJ12bot/v1.4.8; http://mj12bot.com/)"
185.191.171.22 - - [11/Sep/2020:09:18:10 +0000] "GET /en/catalog/mouse/rx-420.htm HTTP/1.0" 200 11577 "-" "Mozilla/5.0 (compatible; SemrushBot/6~bl; +http://www.semrush.com/bot.html)"
5.9.151.57 - - [11/Sep/2020:09:18:11 +0000] "GET /ru/press/news/index.php?set_filter=Y&arrFilter_DATE_ACTIVE_FROM_1=01.01.1831&arrFilter_DATE_ACTIVE_FROM_2=31.12.1831&YEAR=1831 HTTP/1.0" 200 8444 "-" "Mozilla/5.0 (compatible; MJ12bot/v1.4.8; http://mj12bot.com/)"
5.3.213.251 - - [11/Sep/2020:09:18:12 +0000] "GET /bitrix/tools/captcha.php?captcha_code=06a37112b1ab59b04c5cef0ff07b3028 HTTP/1.0" 200 2611 "http://www.sven.fi/ru/catalog/ups/power_smart_1400.htm" "Mozilla/5.0 (Windows NT 6.1; Win64; x64; rv:65.0) Gecko/20100101 Firefox/65.0"
144.76.29.149 - - [11/Sep/2020:09:18:12 +0000] "GET /ru/catalog/mouse/rx-g960.htm HTTP/1.0" 200 15280 "-" "Mozilla/5.0 (compatible; MJ12bot/v1.4.8; http://mj12bot.com/)"
5.9.151.57 - - [11/Sep/2020:09:18:13 +0000] "GET /ru/press/publications/?set_filter=Y&arrFilter_DATE_ACTIVE_FROM_1=01.01.1947&arrFilter_DATE_ACTIVE_FROM_2=31.12.1947&YEAR=1947 HTTP/1.0" 200 8614 "-" "Mozilla/5.0 (compatible; MJ12bot/v1.4.8; http://mj12bot.com/)"
144.76.29.149 - - [11/Sep/2020:09:18:14 +0000] "GET /ru/catalog/party_speakers.htm HTTP/1.0" 200 10549 "-" "Mozilla/5.0 (compatible; MJ12bot/v1.4.8; http://mj12bot.com/)"
87.255.70.17 - - [11/Sep/2020:09:18:14 +0000] "GET /ru/catalog/list.php?ajax=y&arrFilter_4476_2033113913=Y&category=mouse HTTP/1.0" 200 6840 "http://www.sven.fi/ru/catalog/mouse.htm" "Mozilla/5.0 (X11; Ubuntu; Linux x86_64; rv:80.0) Gecko/20100101 Firefox/80.0"
87.255.70.17 - - [11/Sep/2020:09:18:14 +0000] "GET /ru/catalog/list_ajax.php?set_filter=%D0%9F%D0%BE%D0%BA%D0%B0%D0%B7%D0%B0%D1%82%D1%8C&arrFilter_4476_2033113913=Y&category=mouse&_=1599815894158 HTTP/1.0" 200 1039 "http://www.sven.fi/ru/catalog/mouse.htm" "Mozilla/5.0 (X11; Ubuntu; Linux x86_64; rv:80.0) Gecko/20100101 Firefox/80.0"
87.255.70.17 - - [11/Sep/2020:09:18:14 +0000] "GET /ru/catalog/list.php?arrFilter_4476_2033113913=Y&category=mouse&set_filter=%D0%9F%D0%BE%D0%BA%D0%B0%D0%B7%D0%B0%D1%82%D1%8C HTTP/1.0" 200 11139 "http://www.sven.fi/ru/catalog/mouse.htm" "Mozilla/5.0 (X11; Ubuntu; Linux x86_64; rv:80.0) Gecko/20100101 Firefox/80.0"
87.255.70.17 - - [11/Sep/2020:09:18:15 +0000] "GET /bitrix/tools/captcha.php?captcha_code=0aa5a0cd001442221865b5dd0b124c2b HTTP/1.0" 200 2803 "http://www.sven.fi/ru/catalog/list.php?arrFilter_4476_2033113913=Y&category=mouse&set_filter=%D0%9F%D0%BE%D0%BA%D0%B0%D0%B7%D0%B0%D1%82%D1%8C" "Mozilla/5.0 (X11; Ubuntu; Linux x86_64; rv:80.0) Gecko/20100101 Firefox/80.0"
144.76.29.149 - - [11/Sep/2020:09:18:15 +0000] "GET /ru/catalog/party_speakers/ps-720.htm HTTP/1.0" 200 11470 "-" "Mozilla/5.0 (compatible; MJ12bot/v1.4.8; http://mj12bot.com/)"
185.33.107.208 - - [11/Sep/2020:09:18:15 +0000] "GET /ru/catalog/mouse/rx-300w.htm HTTP/1.0" 200 13307 "https://www.google.com/" "Mozilla/5.0 (Windows NT 10.0; Win64; x64) AppleWebKit/537.36 (KHTML, like Gecko) Chrome/85.0.4183.102 Safari/537.36"
5.9.151.57 - - [11/Sep/2020:09:18:16 +0000] "GET /ru/press/publications/?set_filter=Y&arrFilter_DATE_ACTIVE_FROM_1=01.01.1948&arrFilter_DATE_ACTIVE_FROM_2=31.12.1948&YEAR=1948 HTTP/1.0" 200 8610 "-" "Mozilla/5.0 (compatible; MJ12bot/v1.4.8; http://mj12bot.com/)"
144.76.29.149 - - [11/Sep/2020:09:18:17 +0000] "GET /ru/catalog/party_speakers/ps-750.htm HTTP/1.0" 200 11516 "-" "Mozilla/5.0 (compatible; MJ12bot/v1.4.8; http://mj12bot.com/)"
185.33.107.208 - - [11/Sep/2020:09:18:18 +0000] "GET /bitrix/tools/captcha.php?captcha_code=0622d48685ba3fb28fa5ccd0c1b4a870 HTTP/1.0" 200 2699 "http://www.sven.fi/ru/catalog/mouse/rx-300w.htm" "Mozilla/5.0 (Windows NT 10.0; Win64; x64) AppleWebKit/537.36 (KHTML, like Gecko) Chrome/85.0.4183.102 Safari/537.36"
185.191.171.23 - - [11/Sep/2020:09:18:19 +0000] "GET /ua/catalog/controllers/ap-g890mv.htm HTTP/1.0" 200 11831 "-" "Mozilla/5.0 (compatible; SemrushBot/6~bl; +http://www.semrush.com/bot.html)"
144.76.29.149 - - [11/Sep/2020:09:18:19 +0000] "GET /ua/catalog/mouse/rx-g960.htm HTTP/1.0" 200 12060 "-" "Mozilla/5.0 (compatible; MJ12bot/v1.4.8; http://mj12bot.com/)"
5.9.151.57 - - [11/Sep/2020:09:18:19 +0000] "GET /ru/press/publications/?set_filter=Y&arrFilter_DATE_ACTIVE_FROM_1=01.01.1948&arrFilter_DATE_ACTIVE_FROM_2=31.12.1948&YEAR=1948&SHOWALL_1=1 HTTP/1.0" 200 8610 "-" "Mozilla/5.0 (compatible; MJ12bot/v1.4.8; http://mj12bot.com/)"
178.46.95.232 - - [11/Sep/2020:09:18:20 +0000] "GET /ru/rss HTTP/1.0" 200 66 "-" "Mozilla/5.0 (Windows NT 6.1; WOW64) AppleWebKit/537.36 (KHTML, like Gecko) Chrome/84.0.4147.135 Safari/537.36 OPR/70.0.3728.178 (Edition Yx)"
185.191.171.17 - - [11/Sep/2020:09:18:20 +0000] "GET /fi/catalog/webcamera/ich-7900.htm HTTP/1.0" 200 10450 "-" "Mozilla/5.0 (compatible; SemrushBot/6~bl; +http://www.semrush.com/bot.html)"
144.76.29.149 - - [11/Sep/2020:09:18:21 +0000] "GET /ua/catalog/party_speakers.htm HTTP/1.0" 200 9152 "-" "Mozilla/5.0 (compatible; MJ12bot/v1.4.8; http://mj12bot.com/)"
5.9.151.57 - - [11/Sep/2020:09:18:21 +0000] "GET /ru/press/publications/?set_filter=Y&arrFilter_DATE_ACTIVE_FROM_1=01.01.1949&arrFilter_DATE_ACTIVE_FROM_2=31.12.1949&YEAR=1949 HTTP/1.0" 200 8608 "-" "Mozilla/5.0 (compatible; MJ12bot/v1.4.8; http://mj12bot.com/)"
54.36.148.170 - - [11/Sep/2020:09:18:22 +0000] "GET /fi/catalog/ups/power_smart_rm_lcd_1000.htm HTTP/1.0" 200 11007 "-" "Mozilla/5.0 (compatible; AhrefsBot/7.0; +http://ahrefs.com/robot/)"
144.76.29.149 - - [11/Sep/2020:09:18:22 +0000] "GET /ua/catalog/party_speakers/ps-720.htm HTTP/1.0" 200 10925 "-" "Mozilla/5.0 (compatible; MJ12bot/v1.4.8; http://mj12bot.com/)"
5.9.151.57 - - [11/Sep/2020:09:18:23 +0000] "GET /ru/press/publications/?set_filter=Y&arrFilter_DATE_ACTIVE_FROM_1=01.01.1949&arrFilter_DATE_ACTIVE_FROM_2=31.12.1949&YEAR=1949&SHOWALL_1=0 HTTP/1.0" 200 8609 "-" "Mozilla/5.0 (compatible; MJ12bot/v1.4.8; http://mj12bot.com/)"
144.76.29.149 - - [11/Sep/2020:09:18:24 +0000] "GET /ua/catalog/party_speakers/ps-750.htm HTTP/1.0" 200 10967 "-" "Mozilla/5.0 (compatible; MJ12bot/v1.4.8; http://mj12bot.com/)"
66.249.64.151 - - [11/Sep/2020:09:18:24 +0000] "GET /ru/catalog/portable_acoustics/ps-485.htm HTTP/1.0" 200 14603 "-" "Mozilla/5.0 (Linux; Android 6.0.1; Nexus 5X Build/MMB29P) AppleWebKit/537.36 (KHTML, like Gecko) Chrome/80.0.3987.92 Mobile Safari/537.36 (compatible; Googlebot/2.1; +http://www.google.com/bot.html)"
66.249.64.155 - - [11/Sep/2020:09:18:25 +0000] "GET /ru/catalog/headphones_pc/ap-u980mv.htm?sphrase_id=1178101 HTTP/1.0" 200 12461 "-" "Mozilla/5.0 (Linux; Android 6.0.1; Nexus 5X Build/MMB29P) AppleWebKit/537.36 (KHTML, like Gecko) Chrome/80.0.3987.92 Mobile Safari/537.36 (compatible; Googlebot/2.1; +http://www.google.com/bot.html)"
46.39.55.153 - - [11/Sep/2020:09:18:26 +0000] "GET /gr/support/techsupport/support-listprod.php?category=2499 HTTP/1.0" 200 7913 "https://yandex.ru/" "Mozilla/5.0 (Windows NT 10.0; Win64; x64) AppleWebKit/537.36 (KHTML, like Gecko) Chrome/85.0.4183.102 Safari/537.36 Edg/85.0.564.51"
5.9.151.57 - - [11/Sep/2020:09:18:26 +0000] "GET /ru/press/publications/?set_filter=Y&arrFilter_DATE_ACTIVE_FROM_1=01.01.1949&arrFilter_DATE_ACTIVE_FROM_2=31.12.1949&YEAR=1949&SHOWALL_1=1 HTTP/1.0" 200 8612 "-" "Mozilla/5.0 (compatible; MJ12bot/v1.4.8; http://mj12bot.com/)"
178.123.90.110 - - [11/Sep/2020:09:18:26 +0000] "GET /ru/catalog/keyboard/comfort_3300.htm HTTP/1.0" 200 13537 "http://www.sven.fi/ru/catalog/keyboard.htm" "Mozilla/5.0 (Windows NT 10.0) AppleWebKit/537.36 (KHTML, like Gecko) Chrome/84.0.4147.135 Safari/537.36 OPR/70.0.3728.178"
46.39.55.153 - - [11/Sep/2020:09:18:26 +0000] "GET /bitrix/tools/captcha.php?captcha_code=09232bef1b99d882b50e54b31fa6fc56 HTTP/1.0" 200 2727 "http://www.sven.fi/gr/support/techsupport/support-listprod.php?category=2499" "Mozilla/5.0 (Windows NT 10.0; Win64; x64) AppleWebKit/537.36 (KHTML, like Gecko) Chrome/85.0.4183.102 Safari/537.36 Edg/85.0.564.51"
5.9.151.57 - - [11/Sep/2020:09:18:28 +0000] "GET /ru/press/publications/?set_filter=Y&arrFilter_DATE_ACTIVE_FROM_1=01.01.1950&arrFilter_DATE_ACTIVE_FROM_2=31.12.1950&YEAR=1950&SHOWALL_1=0 HTTP/1.0" 200 8610 "-" "Mozilla/5.0 (compatible; MJ12bot/v1.4.8; http://mj12bot.com/)"
5.9.151.57 - - [11/Sep/2020:09:18:30 +0000] "GET /ru/press/publications/?set_filter=Y&arrFilter_DATE_ACTIVE_FROM_1=01.01.1950&arrFilter_DATE_ACTIVE_FROM_2=31.12.1950&YEAR=1950&SHOWALL_1=1 HTTP/1.0" 200 8611 "-" "Mozilla/5.0 (compatible; MJ12bot/v1.4.8; http://mj12bot.com/)"
178.123.90.110 - - [11/Sep/2020:09:18:30 +0000] "GET /bitrix/tools/captcha.php?captcha_code=0be524c1ec8f8c15fabcbdef32761926 HTTP/1.0" 200 2816 "http://www.sven.fi/ru/catalog/keyboard/comfort_3300.htm" "Mozilla/5.0 (Windows NT 10.0) AppleWebKit/537.36 (KHTML, like Gecko) Chrome/84.0.4147.135 Safari/537.36 OPR/70.0.3728.178"
185.191.171.11 - - [11/Sep/2020:09:18:31 +0000] "GET /fi/catalog/webcamera/ic-725.htm HTTP/1.0" 200 10020 "-" "Mozilla/5.0 (compatible; SemrushBot/6~bl; +http://www.semrush.com/bot.html)"
5.9.151.57 - - [11/Sep/2020:09:18:32 +0000] "GET /ru/press/publications/?set_filter=Y&arrFilter_DATE_ACTIVE_FROM_1=01.01.1951&arrFilter_DATE_ACTIVE_FROM_2=31.12.1951&YEAR=1951&SHOWALL_1=0 HTTP/1.0" 200 8605 "-" "Mozilla/5.0 (compatible; MJ12bot/v1.4.8; http://mj12bot.com/)"
178.154.200.35 - - [11/Sep/2020:09:18:33 +0000] "GET /ru/search/ HTTP/1.0" 200 7409 "-" "Mozilla/5.0 (compatible; YandexBot/3.0; +http://yandex.com/bots)"
5.9.151.57 - - [11/Sep/2020:09:18:33 +0000] "GET /ua/about/awards/?set_filter=Y&arrFilter_DATE_ACTIVE_FROM_1=01.01.1654&arrFilter_DATE_ACTIVE_FROM_2=31.12.1654&YEAR=1654 HTTP/1.0" 200 8270 "-" "Mozilla/5.0 (compatible; MJ12bot/v1.4.8; http://mj12bot.com/)"
5.9.151.57 - - [11/Sep/2020:09:18:35 +0000] "GET /ua/about/awards/?set_filter=Y&arrFilter_DATE_ACTIVE_FROM_1=01.01.1655&arrFilter_DATE_ACTIVE_FROM_2=31.12.1655&YEAR=1655 HTTP/1.0" 200 8274 "-" "Mozilla/5.0 (compatible; MJ12bot/v1.4.8; http://mj12bot.com/)"
185.191.171.20 - - [11/Sep/2020:09:18:37 +0000] "GET /ru/catalog/multimedia_2.1/ms-1020.htm HTTP/1.0" 200 12336 "-" "Mozilla/5.0 (compatible; SemrushBot/6~bl; +http://www.semrush.com/bot.html)"
