185.82.24.87 - - [11/Sep/2020:09:22:50 +0000] "GET /upload/iblock_photos/electrical/se-60020/ HTTP/1.0" 404 4813 "http://www.sven.fi/ru/catalog/headsets/ap-525mv.htm" "Mozilla/5.0 (Windows NT 10.0; Win64; x64) AppleWebKit/537.36 (KHTML, like Gecko) Chrome/85.0.4183.102 Safari/537.36"
185.82.24.87 - - [11/Sep/2020:09:22:50 +0000] "GET /upload/iblock_photos/electrical/se-60033/ HTTP/1.0" 404 4813 "http://www.sven.fi/ru/catalog/headsets/ap-525mv.htm" "Mozilla/5.0 (Windows NT 10.0; Win64; x64) AppleWebKit/537.36 (KHTML, like Gecko) Chrome/85.0.4183.102 Safari/537.36"
185.82.24.87 - - [11/Sep/2020:09:22:50 +0000] "GET /upload/iblock_photos/electrical/se-60031m/ HTTP/1.0" 404 4814 "http://www.sven.fi/ru/catalog/headsets/ap-525mv.htm" "Mozilla/5.0 (Windows NT 10.0; Win64; x64) AppleWebKit/537.36 (KHTML, like Gecko) Chrome/85.0.4183.102 Safari/537.36"
185.82.24.87 - - [11/Sep/2020:09:22:50 +0000] "GET /upload/iblock_photos/electrical/se-60024/ HTTP/1.0" 404 4810 "http://www.sven.fi/ru/catalog/headsets/ap-525mv.htm" "Mozilla/5.0 (Windows NT 10.0; Win64; x64) AppleWebKit/537.36 (KHTML, like Gecko) Chrome/85.0.4183.102 Safari/537.36"
185.82.24.87 - - [11/Sep/2020:09:22:50 +0000] "GET /upload/iblock_photos/electrical/se-60034/ HTTP/1.0" 404 4812 "http://www.sven.fi/ru/catalog/headsets/ap-525mv.htm" "Mozilla/5.0 (Windows NT 10.0; Win64; x64) AppleWebKit/537.36 (KHTML, like Gecko) Chrome/85.0.4183.102 Safari/537.36"
185.82.24.87 - - [11/Sep/2020:09:22:50 +0000] "GET /upload/iblock_photos/electrical/se-60036/ HTTP/1.0" 404 4812 "http://www.sven.fi/ru/catalog/headsets/ap-525mv.htm" "Mozilla/5.0 (Windows NT 10.0; Win64; x64) AppleWebKit/537.36 (KHTML, like Gecko) Chrome/85.0.4183.102 Safari/537.36"
185.82.24.87 - - [11/Sep/2020:09:22:50 +0000] "GET /upload/iblock_photos/electrical/se-60038c/ HTTP/1.0" 404 4811 "http://www.sven.fi/ru/catalog/headsets/ap-525mv.htm" "Mozilla/5.0 (Windows NT 10.0; Win64; x64) AppleWebKit/537.36 (KHTML, like Gecko) Chrome/85.0.4183.102 Safari/537.36"
185.82.24.87 - - [11/Sep/2020:09:22:50 +0000] "GET /upload/iblock_photos/electrical/se-60027/ HTTP/1.0" 404 4812 "http://www.sven.fi/ru/catalog/headsets/ap-525mv.htm" "Mozilla/5.0 (Windows NT 10.0; Win64; x64) AppleWebKit/537.36 (KHTML, like Gecko) Chrome/85.0.4183.102 Safari/537.36"
185.82.24.87 - - [11/Sep/2020:09:22:50 +0000] "GET /upload/iblock_photos/electrical/se-60038f/ HTTP/1.0" 404 4813 "http://www.sven.fi/ru/catalog/headsets/ap-525mv.htm" "Mozilla/5.0 (Windows NT 10.0; Win64; x64) AppleWebKit/537.36 (KHTML, like Gecko) Chrome/85.0.4183.102 Safari/537.36"
185.82.24.87 - - [11/Sep/2020:09:22:51 +0000] "GET /upload/iblock_photos/electrical/se-65014-b/ HTTP/1.0" 404 4811 "http://www.sven.fi/ru/catalog/headsets/ap-525mv.htm" "Mozilla/5.0 (Windows NT 10.0; Win64; x64) AppleWebKit/537.36 (KHTML, like Gecko) Chrome/85.0.4183.102 Safari/537.36"
185.82.24.87 - - [11/Sep/2020:09:22:50 +0000] "GET /upload/iblock_photos/electrical/se-65013/ HTTP/1.0" 404 4812 "http://www.sven.fi/ru/catalog/headsets/ap-525mv.htm" "Mozilla/5.0 (Windows NT 10.0; Win64; x64) AppleWebKit/537.36 (KHTML, like Gecko) Chrome/85.0.4183.102 Safari/537.36"
185.82.24.87 - - [11/Sep/2020:09:22:50 +0000] "GET /upload/iblock_photos/electrical/se-65011/ HTTP/1.0" 404 4811 "http://www.sven.fi/ru/catalog/headsets/ap-525mv.htm" "Mozilla/5.0 (Windows NT 10.0; Win64; x64) AppleWebKit/537.36 (KHTML, like Gecko) Chrome/85.0.4183.102 Safari/537.36"
185.82.24.87 - - [11/Sep/2020:09:22:51 +0000] "GET /upload/iblock_photos/electrical/se-65015/ HTTP/1.0" 404 4812 "http://www.sven.fi/ru/catalog/headsets/ap-525mv.htm" "Mozilla/5.0 (Windows NT 10.0; Win64; x64) AppleWebKit/537.36 (KHTML, like Gecko) Chrome/85.0.4183.102 Safari/537.36"
185.82.24.87 - - [11/Sep/2020:09:22:51 +0000] "GET /upload/iblock_photos/electrical/se-65023/ HTTP/1.0" 404 4811 "http://www.sven.fi/ru/catalog/headsets/ap-525mv.htm" "Mozilla/5.0 (Windows NT 10.0; Win64; x64) AppleWebKit/537.36 (KHTML, like Gecko) Chrome/85.0.4183.102 Safari/537.36"
185.82.24.87 - - [11/Sep/2020:09:22:50 +0000] "GET /upload/iblock_photos/electrical/se-65012/ HTTP/1.0" 404 4813 "http://www.sven.fi/ru/catalog/headsets/ap-525mv.htm" "Mozilla/5.0 (Windows NT 10.0; Win64; x64) AppleWebKit/537.36 (KHTML, like Gecko) Chrome/85.0.4183.102 Safari/537.36"
185.82.24.87 - - [11/Sep/2020:09:22:51 +0000] "GET /upload/iblock_photos/electrical/se-65021/ HTTP/1.0" 404 4812 "http://www.sven.fi/ru/catalog/headsets/ap-525mv.htm" "Mozilla/5.0 (Windows NT 10.0; Win64; x64) AppleWebKit/537.36 (KHTML, like Gecko) Chrome/85.0.4183.102 Safari/537.36"
185.191.171.25 - - [11/Sep/2020:09:22:50 +0000] "GET /ru/wherebuy/?id=2853 HTTP/1.0" 200 7535 "-" "Mozilla/5.0 (compatible; SemrushBot/6~bl; +http://www.semrush.com/bot.html)"
185.82.24.87 - - [11/Sep/2020:09:22:51 +0000] "GET /upload/iblock_photos/electrical/se-65421/ HTTP/1.0" 404 4811 "http://www.sven.fi/ru/catalog/headsets/ap-525mv.htm" "Mozilla/5.0 (Windows NT 10.0; Win64; x64) AppleWebKit/537.36 (KHTML, like Gecko) Chrome/85.0.4183.102 Safari/537.36"
185.82.24.87 - - [11/Sep/2020:09:22:51 +0000] "GET /upload/iblock_photos/electrical/se-72011l/ HTTP/1.0" 404 4811 "http://www.sven.fi/ru/catalog/headsets/ap-525mv.htm" "Mozilla/5.0 (Windows NT 10.0; Win64; x64) AppleWebKit/537.36 (KHTML, like Gecko) Chrome/85.0.4183.102 Safari/537.36"
185.82.24.87 - - [11/Sep/2020:09:22:51 +0000] "GET /upload/iblock_photos/electrical/se-72012l/ HTTP/1.0" 404 4812 "http://www.sven.fi/ru/catalog/headsets/ap-525mv.htm" "Mozilla/5.0 (Windows NT 10.0; Win64; x64) AppleWebKit/537.36 (KHTML, like Gecko) Chrome/85.0.4183.102 Safari/537.36"
185.82.24.87 - - [11/Sep/2020:09:22:51 +0000] "GET /upload/iblock_photos/electrical/se-72013/ HTTP/1.0" 404 4811 "http://www.sven.fi/ru/catalog/headsets/ap-525mv.htm" "Mozilla/5.0 (Windows NT 10.0; Win64; x64) AppleWebKit/537.36 (KHTML, like Gecko) Chrome/85.0.4183.102 Safari/537.36"
185.82.24.87 - - [11/Sep/2020:09:22:51 +0000] "GET /upload/iblock_photos/electrical/se-72014l-b/ HTTP/1.0" 404 4812 "http://www.sven.fi/ru/catalog/headsets/ap-525mv.htm" "Mozilla/5.0 (Windows NT 10.0; Win64; x64) AppleWebKit/537.36 (KHTML, like Gecko) Chrome/85.0.4183.102 Safari/537.36"
185.82.24.87 - - [11/Sep/2020:09:22:51 +0000] "GET /upload/iblock_photos/electrical/se-72021p/ HTTP/1.0" 404 4811 "http://www.sven.fi/ru/catalog/headsets/ap-525mv.htm" "Mozilla/5.0 (Windows NT 10.0; Win64; x64) AppleWebKit/537.36 (KHTML, like Gecko) Chrome/85.0.4183.102 Safari/537.36"
185.82.24.87 - - [11/Sep/2020:09:22:51 +0000] "GET /upload/iblock_photos/%D1%81harger/usb_ac_charger_h113/ HTTP/1.0" 404 4811 "http://www.sven.fi/ru/catalog/headsets/ap-525mv.htm" "Mozilla/5.0 (Windows NT 10.0; Win64; x64) AppleWebKit/537.36 (KHTML, like Gecko) Chrome/85.0.4183.102 Safari/537.36"
185.82.24.87 - - [11/Sep/2020:09:22:51 +0000] "GET /upload/iblock_photos/%D1%81harger/usb_car_charger_c127/ HTTP/1.0" 404 4813 "http://www.sven.fi/ru/catalog/headsets/ap-525mv.htm" "Mozilla/5.0 (Windows NT 10.0; Win64; x64) AppleWebKit/537.36 (KHTML, like Gecko) Chrome/85.0.4183.102 Safari/537.36"
185.82.24.87 - - [11/Sep/2020:09:22:51 +0000] "GET /upload/iblock_photos/%D1%81harger/usb_car_charger_c123/ HTTP/1.0" 404 4811 "http://www.sven.fi/ru/catalog/headsets/ap-525mv.htm" "Mozilla/5.0 (Windows NT 10.0; Win64; x64) AppleWebKit/537.36 (KHTML, like Gecko) Chrome/85.0.4183.102 Safari/537.36"
185.82.24.87 - - [11/Sep/2020:09:22:51 +0000] "GET /upload/iblock_photos/hs/hp-760f/ HTTP/1.0" 404 4812 "http://www.sven.fi/ru/catalog/headsets/ap-525mv.htm" "Mozilla/5.0 (Windows NT 10.0; Win64; x64) AppleWebKit/537.36 (KHTML, like Gecko) Chrome/85.0.4183.102 Safari/537.36"
185.82.24.87 - - [11/Sep/2020:09:22:51 +0000] "GET /upload/iblock_photos/%D1%81harger/usb_car_charger_c103/ HTTP/1.0" 404 4812 "http://www.sven.fi/ru/catalog/headsets/ap-525mv.htm" "Mozilla/5.0 (Windows NT 10.0; Win64; x64) AppleWebKit/537.36 (KHTML, like Gecko) Chrome/85.0.4183.102 Safari/537.36"
185.82.24.87 - - [11/Sep/2020:09:22:51 +0000] "GET /upload/iblock_photos/hs/hp-760c/ HTTP/1.0" 404 4812 "http://www.sven.fi/ru/catalog/headsets/ap-525mv.htm" "Mozilla/5.0 (Windows NT 10.0; Win64; x64) AppleWebKit/537.36 (KHTML, like Gecko) Chrome/85.0.4183.102 Safari/537.36"
185.82.24.87 - - [11/Sep/2020:09:22:52 +0000] "GET /upload/iblock_photos/hs/hp-760s/ HTTP/1.0" 404 4810 "http://www.sven.fi/ru/catalog/headsets/ap-525mv.htm" "Mozilla/5.0 (Windows NT 10.0; Win64; x64) AppleWebKit/537.36 (KHTML, like Gecko) Chrome/85.0.4183.102 Safari/537.36"
185.82.24.87 - - [11/Sep/2020:09:22:52 +0000] "GET /upload/iblock_photos/hs/hp-740f/ HTTP/1.0" 404 4812 "http://www.sven.fi/ru/catalog/headsets/ap-525mv.htm" "Mozilla/5.0 (Windows NT 10.0; Win64; x64) AppleWebKit/537.36 (KHTML, like Gecko) Chrome/85.0.4183.102 Safari/537.36"
185.82.24.87 - - [11/Sep/2020:09:22:52 +0000] "GET /upload/iblock_photos/hs/hp-742f/ HTTP/1.0" 404 4812 "http://www.sven.fi/ru/catalog/headsets/ap-525mv.htm" "Mozilla/5.0 (Windows NT 10.0; Win64; x64) AppleWebKit/537.36 (KHTML, like Gecko) Chrome/85.0.4183.102 Safari/537.36"
185.82.24.87 - - [11/Sep/2020:09:22:52 +0000] "GET /upload/iblock_photos/pink_project/multimedia_637_i_love_you/ HTTP/1.0" 404 4812 "http://www.sven.fi/ru/catalog/headsets/ap-525mv.htm" "Mozilla/5.0 (Windows NT 10.0; Win64; x64) AppleWebKit/537.36 (KHTML, like Gecko) Chrome/85.0.4183.102 Safari/537.36"
185.82.24.87 - - [11/Sep/2020:09:22:52 +0000] "GET /upload/iblock_photos/hs/hp-780c/ HTTP/1.0" 404 4812 "http://www.sven.fi/ru/catalog/headsets/ap-525mv.htm" "Mozilla/5.0 (Windows NT 10.0; Win64; x64) AppleWebKit/537.36 (KHTML, like Gecko) Chrome/85.0.4183.102 Safari/537.36"
185.82.24.87 - - [11/Sep/2020:09:22:52 +0000] "GET /upload/iblock_photos/hs/hp-780f/ HTTP/1.0" 404 4812 "http://www.sven.fi/ru/catalog/headsets/ap-525mv.htm" "Mozilla/5.0 (Windows NT 10.0; Win64; x64) AppleWebKit/537.36 (KHTML, like Gecko) Chrome/85.0.4183.102 Safari/537.36"
185.82.24.87 - - [11/Sep/2020:09:22:52 +0000] "GET /upload/iblock_photos/hs/hp-830s/ HTTP/1.0" 404 4812 "http://www.sven.fi/ru/catalog/headsets/ap-525mv.htm" "Mozilla/5.0 (Windows NT 10.0; Win64; x64) AppleWebKit/537.36 (KHTML, like Gecko) Chrome/85.0.4183.102 Safari/537.36"
185.82.24.87 - - [11/Sep/2020:09:22:52 +0000] "GET /upload/iblock_photos/hs/hp-830f/ HTTP/1.0" 404 4812 "http://www.sven.fi/ru/catalog/headsets/ap-525mv.htm" "Mozilla/5.0 (Windows NT 10.0; Win64; x64) AppleWebKit/537.36 (KHTML, like Gecko) Chrome/85.0.4183.102 Safari/537.36"
185.82.24.87 - - [11/Sep/2020:09:22:52 +0000] "GET /upload/iblock_photos/hs/hp-831f/ HTTP/1.0" 404 4812 "http://www.sven.fi/ru/catalog/headsets/ap-525mv.htm" "Mozilla/5.0 (Windows NT 10.0; Win64; x64) AppleWebKit/537.36 (KHTML, like Gecko) Chrome/85.0.4183.102 Safari/537.36"
185.82.24.87 - - [11/Sep/2020:09:22:52 +0000] "GET /upload/iblock_photos/hs/hp-840f/ HTTP/1.0" 404 4813 "http://www.sven.fi/ru/catalog/headsets/ap-525mv.htm" "Mozilla/5.0 (Windows NT 10.0; Win64; x64) AppleWebKit/537.36 (KHTML, like Gecko) Chrome/85.0.4183.102 Safari/537.36"
185.82.24.87 - - [11/Sep/2020:09:22:52 +0000] "GET /upload/iblock_photos/hs/hp-880s/ HTTP/1.0" 404 4811 "http://www.sven.fi/ru/catalog/headsets/ap-525mv.htm" "Mozilla/5.0 (Windows NT 10.0; Win64; x64) AppleWebKit/537.36 (KHTML, like Gecko) Chrome/85.0.4183.102 Safari/537.36"
188.162.73.142 - - [11/Sep/2020:09:22:53 +0000] "GET /ru/catalog/home_theater_sets/hp-530t.htm HTTP/1.0" 200 22027 "https://www.google.com/" "Mozilla/5.0 (Linux; Android 8.1.0; BKK-L21) AppleWebKit/537.36 (KHTML, like Gecko) Chrome/85.0.4183.101 Mobile Safari/537.36"
217.26.149.194 - - [11/Sep/2020:09:22:56 +0000] "GET /ru/catalog/multimedia_2.0/245_glamour.htm?sphrase_id=335775 HTTP/1.0" 200 62850 "-" "-"
185.82.24.87 - - [11/Sep/2020:09:22:56 +0000] "GET /bitrix/tools/captcha.php?captcha_code=0a483a453b5f4f5cb75b4efb5e3d39b3 HTTP/1.0" 200 2705 "http://www.sven.fi/ru/catalog/headsets/ap-525mv.htm" "Mozilla/5.0 (Windows NT 10.0; Win64; x64) AppleWebKit/537.36 (KHTML, like Gecko) Chrome/85.0.4183.102 Safari/537.36"
114.119.166.166 - - [11/Sep/2020:09:22:59 +0000] "GET /ru/catalog/mouse/rx-585sw.htm?sphrase_id=1787926 HTTP/1.0" 200 13876 "-" "Mozilla/5.0 (Linux; Android 7.0;) AppleWebKit/537.36 (KHTML, like Gecko) Mobile Safari/537.36 (compatible; PetalBot;+http://aspiegel.com/petalbot)"
40.77.202.141 - - [11/Sep/2020:09:23:01 +0000] "GET /bitrix/tools/captcha.php?captcha_code=09b1caf93e70ab2c83035f5dba85d7f2 HTTP/1.0" 200 2758 "http://www.sven.fi/ru/catalog/electrical/se-65021.htm" "Mozilla/5.0 (iPhone; CPU iPhone OS 7_0 like Mac OS X) AppleWebKit/537.51.1 (KHTML, like Gecko) Version/7.0 Mobile/11A465 Safari/9537.53 BingPreview/1.0b"
54.36.148.170 - - [11/Sep/2020:09:23:03 +0000] "GET /fi/catalog/ups/pro_plus_800.htm HTTP/1.0" 200 10999 "-" "Mozilla/5.0 (compatible; AhrefsBot/7.0; +http://ahrefs.com/robot/)"
5.255.253.146 - - [11/Sep/2020:09:23:03 +0000] "GET /ru/catalog/mouse/rx-g970.htm HTTP/1.0" 200 13384 "-" "Mozilla/5.0 (compatible; YandexBot/3.0; +http://yandex.com/bots)"
185.191.171.1 - - [11/Sep/2020:09:23:04 +0000] "GET /en/catalog/gaming_gamapad/scout.htm HTTP/1.0" 200 10739 "-" "Mozilla/5.0 (compatible; SemrushBot/6~bl; +http://www.semrush.com/bot.html)"
95.156.81.6 - - [11/Sep/2020:09:23:03 +0000] "GET /ru/catalog/headsets/ap_b250mv.htm HTTP/1.0" 200 24049 "https://www.google.com/" "Mozilla/5.0 (Windows NT 10.0; Win64; x64) AppleWebKit/537.36 (KHTML, like Gecko) Chrome/85.0.4183.102 Safari/537.36"
207.46.13.151 - - [11/Sep/2020:09:23:04 +0000] "GET /robots.txt HTTP/1.0" 200 902 "-" "Mozilla/5.0 (compatible; bingbot/2.0; +http://www.bing.com/bingbot.htm)"
188.162.73.142 - - [11/Sep/2020:09:23:04 +0000] "GET /upload/iblock_photos/electrical/se-2201/ HTTP/1.0" 302 - "http://www.sven.fi/ru/catalog/home_theater_sets/hp-530t.htm" "Mozilla/5.0 (Linux; Android 8.1.0; BKK-L21) AppleWebKit/537.36 (KHTML, like Gecko) Chrome/85.0.4183.101 Mobile Safari/537.36"
207.46.13.151 - - [11/Sep/2020:09:23:04 +0000] "GET /robots.txt HTTP/1.0" 200 902 "-" "Mozilla/5.0 (compatible; bingbot/2.0; +http://www.bing.com/bingbot.htm)"
188.162.73.142 - - [11/Sep/2020:09:23:04 +0000] "GET /upload/iblock_photos/electrical/se-2202/ HTTP/1.0" 302 - "http://www.sven.fi/ru/catalog/home_theater_sets/hp-530t.htm" "Mozilla/5.0 (Linux; Android 8.1.0; BKK-L21) AppleWebKit/537.36 (KHTML, like Gecko) Chrome/85.0.4183.101 Mobile Safari/537.36"
188.162.73.142 - - [11/Sep/2020:09:23:04 +0000] "GET /upload/iblock_photos/electrical/se-2210/ HTTP/1.0" 302 - "http://www.sven.fi/ru/catalog/home_theater_sets/hp-530t.htm" "Mozilla/5.0 (Linux; Android 8.1.0; BKK-L21) AppleWebKit/537.36 (KHTML, like Gecko) Chrome/85.0.4183.101 Mobile Safari/537.36"
188.162.73.142 - - [11/Sep/2020:09:23:04 +0000] "GET /upload/iblock_photos/electrical/se-2227/ HTTP/1.0" 302 - "http://www.sven.fi/ru/catalog/home_theater_sets/hp-530t.htm" "Mozilla/5.0 (Linux; Android 8.1.0; BKK-L21) AppleWebKit/537.36 (KHTML, like Gecko) Chrome/85.0.4183.101 Mobile Safari/537.36"
188.162.73.142 - - [11/Sep/2020:09:23:04 +0000] "GET /?show=y HTTP/1.0" 302 - "http://www.sven.fi/ru/catalog/home_theater_sets/hp-530t.htm" "Mozilla/5.0 (Linux; Android 8.1.0; BKK-L21) AppleWebKit/537.36 (KHTML, like Gecko) Chrome/85.0.4183.101 Mobile Safari/537.36"
207.46.13.151 - - [11/Sep/2020:09:23:04 +0000] "GET /robots.txt HTTP/1.0" 200 902 "-" "Mozilla/5.0 (compatible; bingbot/2.0; +http://www.bing.com/bingbot.htm)"
188.162.73.142 - - [11/Sep/2020:09:23:04 +0000] "GET /upload/iblock_photos/electrical/se-2228/ HTTP/1.0" 302 - "http://www.sven.fi/ru/catalog/home_theater_sets/hp-530t.htm" "Mozilla/5.0 (Linux; Android 8.1.0; BKK-L21) AppleWebKit/537.36 (KHTML, like Gecko) Chrome/85.0.4183.101 Mobile Safari/537.36"
188.162.73.142 - - [11/Sep/2020:09:23:05 +0000] "GET /upload/iblock_photos/electrical/se-2237/ HTTP/1.0" 302 - "http://www.sven.fi/ru/catalog/home_theater_sets/hp-530t.htm" "Mozilla/5.0 (Linux; Android 8.1.0; BKK-L21) AppleWebKit/537.36 (KHTML, like Gecko) Chrome/85.0.4183.101 Mobile Safari/537.36"
207.46.13.151 - - [11/Sep/2020:09:23:05 +0000] "GET /robots.txt HTTP/1.0" 200 902 "-" "Mozilla/5.0 (compatible; bingbot/2.0; +http://www.bing.com/bingbot.htm)"
188.162.73.142 - - [11/Sep/2020:09:23:05 +0000] "GET /ru HTTP/1.0" 301 306 "http://www.sven.fi/ru/catalog/home_theater_sets/hp-530t.htm" "Mozilla/5.0 (Linux; Android 8.1.0; BKK-L21) AppleWebKit/537.36 (KHTML, like Gecko) Chrome/85.0.4183.101 Mobile Safari/537.36"
188.162.73.142 - - [11/Sep/2020:09:23:05 +0000] "GET /?show=y HTTP/1.0" 302 - "http://www.sven.fi/ru/catalog/home_theater_sets/hp-530t.htm" "Mozilla/5.0 (Linux; Android 8.1.0; BKK-L21) AppleWebKit/537.36 (KHTML, like Gecko) Chrome/85.0.4183.101 Mobile Safari/537.36"
207.46.13.151 - - [11/Sep/2020:09:23:05 +0000] "GET /robots.txt HTTP/1.0" 200 902 "-" "Mozilla/5.0 (compatible; bingbot/2.0; +http://www.bing.com/bingbot.htm)"
188.162.73.142 - - [11/Sep/2020:09:23:05 +0000] "GET /?show=y HTTP/1.0" 302 - "http://www.sven.fi/ru/catalog/home_theater_sets/hp-530t.htm" "Mozilla/5.0 (Linux; Android 8.1.0; BKK-L21) AppleWebKit/537.36 (KHTML, like Gecko) Chrome/85.0.4183.101 Mobile Safari/537.36"
207.46.13.151 - - [11/Sep/2020:09:23:05 +0000] "GET /robots.txt HTTP/1.0" 200 902 "-" "Mozilla/5.0 (compatible; bingbot/2.0; +http://www.bing.com/bingbot.htm)"
188.162.73.142 - - [11/Sep/2020:09:23:05 +0000] "GET /ru/ HTTP/1.0" 200 7857 "http://www.sven.fi/ru/catalog/home_theater_sets/hp-530t.htm" "Mozilla/5.0 (Linux; Android 8.1.0; BKK-L21) AppleWebKit/537.36 (KHTML, like Gecko) Chrome/85.0.4183.101 Mobile Safari/537.36"
95.156.81.6 - - [11/Sep/2020:09:23:05 +0000] "GET /upload/iblock_photos/electrical/se-2201/ HTTP/1.0" 404 4812 "http://www.sven.fi/ru/catalog/headsets/ap_b250mv.htm" "Mozilla/5.0 (Windows NT 10.0; Win64; x64) AppleWebKit/537.36 (KHTML, like Gecko) Chrome/85.0.4183.102 Safari/537.36"
95.156.81.6 - - [11/Sep/2020:09:23:05 +0000] "GET /upload/iblock_photos/electrical/se-2202/ HTTP/1.0" 404 4811 "http://www.sven.fi/ru/catalog/headsets/ap_b250mv.htm" "Mozilla/5.0 (Windows NT 10.0; Win64; x64) AppleWebKit/537.36 (KHTML, like Gecko) Chrome/85.0.4183.102 Safari/537.36"
188.162.73.142 - - [11/Sep/2020:09:23:05 +0000] "GET /?show=y HTTP/1.0" 302 - "http://www.sven.fi/ru/catalog/home_theater_sets/hp-530t.htm" "Mozilla/5.0 (Linux; Android 8.1.0; BKK-L21) AppleWebKit/537.36 (KHTML, like Gecko) Chrome/85.0.4183.101 Mobile Safari/537.36"
95.156.81.6 - - [11/Sep/2020:09:23:05 +0000] "GET /upload/iblock_photos/electrical/se-2210/ HTTP/1.0" 404 4812 "http://www.sven.fi/ru/catalog/headsets/ap_b250mv.htm" "Mozilla/5.0 (Windows NT 10.0; Win64; x64) AppleWebKit/537.36 (KHTML, like Gecko) Chrome/85.0.4183.102 Safari/537.36"
95.156.81.6 - - [11/Sep/2020:09:23:05 +0000] "GET /upload/iblock_photos/electrical/se-2237/ HTTP/1.0" 404 4812 "http://www.sven.fi/ru/catalog/headsets/ap_b250mv.htm" "Mozilla/5.0 (Windows NT 10.0; Win64; x64) AppleWebKit/537.36 (KHTML, like Gecko) Chrome/85.0.4183.102 Safari/537.36"
188.162.73.142 - - [11/Sep/2020:09:23:05 +0000] "GET /ru/ HTTP/1.0" 200 7857 "http://www.sven.fi/ru/catalog/home_theater_sets/hp-530t.htm" "Mozilla/5.0 (Linux; Android 8.1.0; BKK-L21) AppleWebKit/537.36 (KHTML, like Gecko) Chrome/85.0.4183.101 Mobile Safari/537.36"
95.156.81.6 - - [11/Sep/2020:09:23:05 +0000] "GET /upload/iblock_photos/electrical/se-2227/ HTTP/1.0" 404 4812 "http://www.sven.fi/ru/catalog/headsets/ap_b250mv.htm" "Mozilla/5.0 (Windows NT 10.0; Win64; x64) AppleWebKit/537.36 (KHTML, like Gecko) Chrome/85.0.4183.102 Safari/537.36"
95.156.81.6 - - [11/Sep/2020:09:23:05 +0000] "GET /upload/iblock_photos/electrical/se-2228/ HTTP/1.0" 404 4813 "http://www.sven.fi/ru/catalog/headsets/ap_b250mv.htm" "Mozilla/5.0 (Windows NT 10.0; Win64; x64) AppleWebKit/537.36 (KHTML, like Gecko) Chrome/85.0.4183.102 Safari/537.36"
188.162.73.142 - - [11/Sep/2020:09:23:05 +0000] "GET /?show=y HTTP/1.0" 302 - "http://www.sven.fi/ru/catalog/home_theater_sets/hp-530t.htm" "Mozilla/5.0 (Linux; Android 8.1.0; BKK-L21) AppleWebKit/537.36 (KHTML, like Gecko) Chrome/85.0.4183.101 Mobile Safari/537.36"
95.156.81.6 - - [11/Sep/2020:09:23:05 +0000] "GET /upload/iblock_photos/electrical/se-60003/ HTTP/1.0" 404 4813 "http://www.sven.fi/ru/catalog/headsets/ap_b250mv.htm" "Mozilla/5.0 (Windows NT 10.0; Win64; x64) AppleWebKit/537.36 (KHTML, like Gecko) Chrome/85.0.4183.102 Safari/537.36"
95.156.81.6 - - [11/Sep/2020:09:23:05 +0000] "GET /upload/iblock_photos/electrical/se-60002/ HTTP/1.0" 404 4813 "http://www.sven.fi/ru/catalog/headsets/ap_b250mv.htm" "Mozilla/5.0 (Windows NT 10.0; Win64; x64) AppleWebKit/537.36 (KHTML, like Gecko) Chrome/85.0.4183.102 Safari/537.36"
95.156.81.6 - - [11/Sep/2020:09:23:05 +0000] "GET /upload/iblock_photos/electrical/se-60004/ HTTP/1.0" 404 4813 "http://www.sven.fi/ru/catalog/headsets/ap_b250mv.htm" "Mozilla/5.0 (Windows NT 10.0; Win64; x64) AppleWebKit/537.36 (KHTML, like Gecko) Chrome/85.0.4183.102 Safari/537.36"
95.156.81.6 - - [11/Sep/2020:09:23:05 +0000] "GET /upload/iblock_photos/electrical/se-60011/ HTTP/1.0" 404 4813 "http://www.sven.fi/ru/catalog/headsets/ap_b250mv.htm" "Mozilla/5.0 (Windows NT 10.0; Win64; x64) AppleWebKit/537.36 (KHTML, like Gecko) Chrome/85.0.4183.102 Safari/537.36"
188.162.73.142 - - [11/Sep/2020:09:23:05 +0000] "GET /?show=y HTTP/1.0" 302 - "http://www.sven.fi/ru/catalog/home_theater_sets/hp-530t.htm" "Mozilla/5.0 (Linux; Android 8.1.0; BKK-L21) AppleWebKit/537.36 (KHTML, like Gecko) Chrome/85.0.4183.101 Mobile Safari/537.36"
95.156.81.6 - - [11/Sep/2020:09:23:05 +0000] "GET /upload/iblock_photos/electrical/se-60011L/ HTTP/1.0" 404 4813 "http://www.sven.fi/ru/catalog/headsets/ap_b250mv.htm" "Mozilla/5.0 (Windows NT 10.0; Win64; x64) AppleWebKit/537.36 (KHTML, like Gecko) Chrome/85.0.4183.102 Safari/537.36"
188.162.73.142 - - [11/Sep/2020:09:23:05 +0000] "GET /upload/iblock_photos/electrical/se-60002/ HTTP/1.0" 302 - "http://www.sven.fi/ru/catalog/home_theater_sets/hp-530t.htm" "Mozilla/5.0 (Linux; Android 8.1.0; BKK-L21) AppleWebKit/537.36 (KHTML, like Gecko) Chrome/85.0.4183.101 Mobile Safari/537.36"
95.156.81.6 - - [11/Sep/2020:09:23:05 +0000] "GET /upload/iblock_photos/electrical/se-60012/ HTTP/1.0" 404 4811 "http://www.sven.fi/ru/catalog/headsets/ap_b250mv.htm" "Mozilla/5.0 (Windows NT 10.0; Win64; x64) AppleWebKit/537.36 (KHTML, like Gecko) Chrome/85.0.4183.102 Safari/537.36"
95.156.81.6 - - [11/Sep/2020:09:23:06 +0000] "GET /upload/iblock_photos/electrical/se-60014-b/ HTTP/1.0" 404 4812 "http://www.sven.fi/ru/catalog/headsets/ap_b250mv.htm" "Mozilla/5.0 (Windows NT 10.0; Win64; x64) AppleWebKit/537.36 (KHTML, like Gecko) Chrome/85.0.4183.102 Safari/537.36"
188.162.73.142 - - [11/Sep/2020:09:23:05 +0000] "GET /ru/ HTTP/1.0" 200 7856 "http://www.sven.fi/ru/catalog/home_theater_sets/hp-530t.htm" "Mozilla/5.0 (Linux; Android 8.1.0; BKK-L21) AppleWebKit/537.36 (KHTML, like Gecko) Chrome/85.0.4183.101 Mobile Safari/537.36"
95.156.81.6 - - [11/Sep/2020:09:23:05 +0000] "GET /upload/iblock_photos/electrical/se-60013/ HTTP/1.0" 404 4812 "http://www.sven.fi/ru/catalog/headsets/ap_b250mv.htm" "Mozilla/5.0 (Windows NT 10.0; Win64; x64) AppleWebKit/537.36 (KHTML, like Gecko) Chrome/85.0.4183.102 Safari/537.36"
95.156.81.6 - - [11/Sep/2020:09:23:06 +0000] "GET /upload/iblock_photos/electrical/se-60016/ HTTP/1.0" 404 4813 "http://www.sven.fi/ru/catalog/headsets/ap_b250mv.htm" "Mozilla/5.0 (Windows NT 10.0; Win64; x64) AppleWebKit/537.36 (KHTML, like Gecko) Chrome/85.0.4183.102 Safari/537.36"
95.156.81.6 - - [11/Sep/2020:09:23:06 +0000] "GET /upload/iblock_photos/electrical/se-60016L/ HTTP/1.0" 404 4811 "http://www.sven.fi/ru/catalog/headsets/ap_b250mv.htm" "Mozilla/5.0 (Windows NT 10.0; Win64; x64) AppleWebKit/537.36 (KHTML, like Gecko) Chrome/85.0.4183.102 Safari/537.36"
188.162.73.142 - - [11/Sep/2020:09:23:06 +0000] "GET /?show=y HTTP/1.0" 302 - "http://www.sven.fi/ru/catalog/home_theater_sets/hp-530t.htm" "Mozilla/5.0 (Linux; Android 8.1.0; BKK-L21) AppleWebKit/537.36 (KHTML, like Gecko) Chrome/85.0.4183.101 Mobile Safari/537.36"
188.162.73.142 - - [11/Sep/2020:09:23:06 +0000] "GET /upload/iblock_photos/electrical/se-60004/ HTTP/1.0" 302 - "http://www.sven.fi/ru/catalog/home_theater_sets/hp-530t.htm" "Mozilla/5.0 (Linux; Android 8.1.0; BKK-L21) AppleWebKit/537.36 (KHTML, like Gecko) Chrome/85.0.4183.101 Mobile Safari/537.36"
188.162.73.142 - - [11/Sep/2020:09:23:06 +0000] "GET /upload/iblock_photos/electrical/se-60003/ HTTP/1.0" 302 - "http://www.sven.fi/ru/catalog/home_theater_sets/hp-530t.htm" "Mozilla/5.0 (Linux; Android 8.1.0; BKK-L21) AppleWebKit/537.36 (KHTML, like Gecko) Chrome/85.0.4183.101 Mobile Safari/537.36"
188.162.73.142 - - [11/Sep/2020:09:23:06 +0000] "GET /ru/ HTTP/1.0" 200 7856 "http://www.sven.fi/ru/catalog/home_theater_sets/hp-530t.htm" "Mozilla/5.0 (Linux; Android 8.1.0; BKK-L21) AppleWebKit/537.36 (KHTML, like Gecko) Chrome/85.0.4183.101 Mobile Safari/537.36"
188.162.73.142 - - [11/Sep/2020:09:23:06 +0000] "GET /?show=y HTTP/1.0" 302 - "http://www.sven.fi/ru/catalog/home_theater_sets/hp-530t.htm" "Mozilla/5.0 (Linux; Android 8.1.0; BKK-L21) AppleWebKit/537.36 (KHTML, like Gecko) Chrome/85.0.4183.101 Mobile Safari/537.36"
188.162.73.142 - - [11/Sep/2020:09:23:06 +0000] "GET /upload/iblock_photos/electrical/se-60011/ HTTP/1.0" 302 - "http://www.sven.fi/ru/catalog/home_theater_sets/hp-530t.htm" "Mozilla/5.0 (Linux; Android 8.1.0; BKK-L21) AppleWebKit/537.36 (KHTML, like Gecko) Chrome/85.0.4183.101 Mobile Safari/537.36"
188.162.73.142 - - [11/Sep/2020:09:23:06 +0000] "GET /?show=y HTTP/1.0" 302 - "http://www.sven.fi/ru/catalog/home_theater_sets/hp-530t.htm" "Mozilla/5.0 (Linux; Android 8.1.0; BKK-L21) AppleWebKit/537.36 (KHTML, like Gecko) Chrome/85.0.4183.101 Mobile Safari/537.36"
188.162.73.142 - - [11/Sep/2020:09:23:06 +0000] "GET /ru/ HTTP/1.0" 200 7854 "http://www.sven.fi/ru/catalog/home_theater_sets/hp-530t.htm" "Mozilla/5.0 (Linux; Android 8.1.0; BKK-L21) AppleWebKit/537.36 (KHTML, like Gecko) Chrome/85.0.4183.101 Mobile Safari/537.36"
188.162.73.142 - - [11/Sep/2020:09:23:06 +0000] "GET /?show=y HTTP/1.0" 302 - "http://www.sven.fi/ru/catalog/home_theater_sets/hp-530t.htm" "Mozilla/5.0 (Linux; Android 8.1.0; BKK-L21) AppleWebKit/537.36 (KHTML, like Gecko) Chrome/85.0.4183.101 Mobile Safari/537.36"
188.162.73.142 - - [11/Sep/2020:09:23:06 +0000] "GET /upload/iblock_photos/electrical/se-60011L/ HTTP/1.0" 302 - "http://www.sven.fi/ru/catalog/home_theater_sets/hp-530t.htm" "Mozilla/5.0 (Linux; Android 8.1.0; BKK-L21) AppleWebKit/537.36 (KHTML, like Gecko) Chrome/85.0.4183.101 Mobile Safari/537.36"
188.162.73.142 - - [11/Sep/2020:09:23:06 +0000] "GET /ru/ HTTP/1.0" 200 7856 "http://www.sven.fi/ru/catalog/home_theater_sets/hp-530t.htm" "Mozilla/5.0 (Linux; Android 8.1.0; BKK-L21) AppleWebKit/537.36 (KHTML, like Gecko) Chrome/85.0.4183.101 Mobile Safari/537.36"
188.162.73.142 - - [11/Sep/2020:09:23:07 +0000] "GET /?show=y HTTP/1.0" 302 - "http://www.sven.fi/ru/catalog/home_theater_sets/hp-530t.htm" "Mozilla/5.0 (Linux; Android 8.1.0; BKK-L21) AppleWebKit/537.36 (KHTML, like Gecko) Chrome/85.0.4183.101 Mobile Safari/537.36"
188.162.73.142 - - [11/Sep/2020:09:23:07 +0000] "GET /upload/iblock_photos/electrical/se-60012/ HTTP/1.0" 302 - "http://www.sven.fi/ru/catalog/home_theater_sets/hp-530t.htm" "Mozilla/5.0 (Linux; Android 8.1.0; BKK-L21) AppleWebKit/537.36 (KHTML, like Gecko) Chrome/85.0.4183.101 Mobile Safari/537.36"
188.162.73.142 - - [11/Sep/2020:09:23:07 +0000] "GET /ru/ HTTP/1.0" 200 7855 "http://www.sven.fi/ru/catalog/home_theater_sets/hp-530t.htm" "Mozilla/5.0 (Linux; Android 8.1.0; BKK-L21) AppleWebKit/537.36 (KHTML, like Gecko) Chrome/85.0.4183.101 Mobile Safari/537.36"
188.162.73.142 - - [11/Sep/2020:09:23:07 +0000] "GET /?show=y HTTP/1.0" 302 - "http://www.sven.fi/ru/catalog/home_theater_sets/hp-530t.htm" "Mozilla/5.0 (Linux; Android 8.1.0; BKK-L21) AppleWebKit/537.36 (KHTML, like Gecko) Chrome/85.0.4183.101 Mobile Safari/537.36"
188.162.73.142 - - [11/Sep/2020:09:23:07 +0000] "GET /upload/iblock_photos/electrical/se-60013/ HTTP/1.0" 302 - "http://www.sven.fi/ru/catalog/home_theater_sets/hp-530t.htm" "Mozilla/5.0 (Linux; Android 8.1.0; BKK-L21) AppleWebKit/537.36 (KHTML, like Gecko) Chrome/85.0.4183.101 Mobile Safari/537.36"
188.162.73.142 - - [11/Sep/2020:09:23:07 +0000] "GET /ru/ HTTP/1.0" 200 7857 "http://www.sven.fi/ru/catalog/home_theater_sets/hp-530t.htm" "Mozilla/5.0 (Linux; Android 8.1.0; BKK-L21) AppleWebKit/537.36 (KHTML, like Gecko) Chrome/85.0.4183.101 Mobile Safari/537.36"
188.162.73.142 - - [11/Sep/2020:09:23:07 +0000] "GET /?show=y HTTP/1.0" 302 - "http://www.sven.fi/ru/catalog/home_theater_sets/hp-530t.htm" "Mozilla/5.0 (Linux; Android 8.1.0; BKK-L21) AppleWebKit/537.36 (KHTML, like Gecko) Chrome/85.0.4183.101 Mobile Safari/537.36"
188.162.73.142 - - [11/Sep/2020:09:23:07 +0000] "GET /upload/iblock_photos/electrical/se-60014-b/ HTTP/1.0" 302 - "http://www.sven.fi/ru/catalog/home_theater_sets/hp-530t.htm" "Mozilla/5.0 (Linux; Android 8.1.0; BKK-L21) AppleWebKit/537.36 (KHTML, like Gecko) Chrome/85.0.4183.101 Mobile Safari/537.36"
188.162.73.142 - - [11/Sep/2020:09:23:07 +0000] "GET /ru/ HTTP/1.0" 200 7858 "http://www.sven.fi/ru/catalog/home_theater_sets/hp-530t.htm" "Mozilla/5.0 (Linux; Android 8.1.0; BKK-L21) AppleWebKit/537.36 (KHTML, like Gecko) Chrome/85.0.4183.101 Mobile Safari/537.36"
188.162.73.142 - - [11/Sep/2020:09:23:07 +0000] "GET /?show=y HTTP/1.0" 302 - "http://www.sven.fi/ru/catalog/home_theater_sets/hp-530t.htm" "Mozilla/5.0 (Linux; Android 8.1.0; BKK-L21) AppleWebKit/537.36 (KHTML, like Gecko) Chrome/85.0.4183.101 Mobile Safari/537.36"
188.162.73.142 - - [11/Sep/2020:09:23:08 +0000] "GET /upload/iblock_photos/electrical/se-60016/ HTTP/1.0" 302 - "http://www.sven.fi/ru/catalog/home_theater_sets/hp-530t.htm" "Mozilla/5.0 (Linux; Android 8.1.0; BKK-L21) AppleWebKit/537.36 (KHTML, like Gecko) Chrome/85.0.4183.101 Mobile Safari/537.36"
188.162.73.142 - - [11/Sep/2020:09:23:08 +0000] "GET /ru/ HTTP/1.0" 200 7856 "http://www.sven.fi/ru/catalog/home_theater_sets/hp-530t.htm" "Mozilla/5.0 (Linux; Android 8.1.0; BKK-L21) AppleWebKit/537.36 (KHTML, like Gecko) Chrome/85.0.4183.101 Mobile Safari/537.36"
188.162.73.142 - - [11/Sep/2020:09:23:08 +0000] "GET /?show=y HTTP/1.0" 302 - "http://www.sven.fi/ru/catalog/home_theater_sets/hp-530t.htm" "Mozilla/5.0 (Linux; Android 8.1.0; BKK-L21) AppleWebKit/537.36 (KHTML, like Gecko) Chrome/85.0.4183.101 Mobile Safari/537.36"
188.162.73.142 - - [11/Sep/2020:09:23:08 +0000] "GET /upload/iblock_photos/electrical/se-60016L/ HTTP/1.0" 302 - "http://www.sven.fi/ru/catalog/home_theater_sets/hp-530t.htm" "Mozilla/5.0 (Linux; Android 8.1.0; BKK-L21) AppleWebKit/537.36 (KHTML, like Gecko) Chrome/85.0.4183.101 Mobile Safari/537.36"
188.162.73.142 - - [11/Sep/2020:09:23:08 +0000] "GET /ru/ HTTP/1.0" 200 7856 "http://www.sven.fi/ru/catalog/home_theater_sets/hp-530t.htm" "Mozilla/5.0 (Linux; Android 8.1.0; BKK-L21) AppleWebKit/537.36 (KHTML, like Gecko) Chrome/85.0.4183.101 Mobile Safari/537.36"
188.162.73.142 - - [11/Sep/2020:09:23:08 +0000] "GET /?show=y HTTP/1.0" 302 - "http://www.sven.fi/ru/catalog/home_theater_sets/hp-530t.htm" "Mozilla/5.0 (Linux; Android 8.1.0; BKK-L21) AppleWebKit/537.36 (KHTML, like Gecko) Chrome/85.0.4183.101 Mobile Safari/537.36"
188.162.73.142 - - [11/Sep/2020:09:23:08 +0000] "GET /upload/iblock_photos/electrical/se-60018/ HTTP/1.0" 302 - "http://www.sven.fi/ru/catalog/home_theater_sets/hp-530t.htm" "Mozilla/5.0 (Linux; Android 8.1.0; BKK-L21) AppleWebKit/537.36 (KHTML, like Gecko) Chrome/85.0.4183.101 Mobile Safari/537.36"
188.162.73.142 - - [11/Sep/2020:09:23:08 +0000] "GET /ru/ HTTP/1.0" 200 7856 "http://www.sven.fi/ru/catalog/home_theater_sets/hp-530t.htm" "Mozilla/5.0 (Linux; Android 8.1.0; BKK-L21) AppleWebKit/537.36 (KHTML, like Gecko) Chrome/85.0.4183.101 Mobile Safari/537.36"
188.162.73.142 - - [11/Sep/2020:09:23:08 +0000] "GET /?show=y HTTP/1.0" 302 - "http://www.sven.fi/ru/catalog/home_theater_sets/hp-530t.htm" "Mozilla/5.0 (Linux; Android 8.1.0; BKK-L21) AppleWebKit/537.36 (KHTML, like Gecko) Chrome/85.0.4183.101 Mobile Safari/537.36"
188.162.73.142 - - [11/Sep/2020:09:23:08 +0000] "GET /upload/iblock_photos/electrical/se-60019/ HTTP/1.0" 302 - "http://www.sven.fi/ru/catalog/home_theater_sets/hp-530t.htm" "Mozilla/5.0 (Linux; Android 8.1.0; BKK-L21) AppleWebKit/537.36 (KHTML, like Gecko) Chrome/85.0.4183.101 Mobile Safari/537.36"
188.162.73.142 - - [11/Sep/2020:09:23:08 +0000] "GET /ru/ HTTP/1.0" 200 7854 "http://www.sven.fi/ru/catalog/home_theater_sets/hp-530t.htm" "Mozilla/5.0 (Linux; Android 8.1.0; BKK-L21) AppleWebKit/537.36 (KHTML, like Gecko) Chrome/85.0.4183.101 Mobile Safari/537.36"
188.162.73.142 - - [11/Sep/2020:09:23:09 +0000] "GET /?show=y HTTP/1.0" 302 - "http://www.sven.fi/ru/catalog/home_theater_sets/hp-530t.htm" "Mozilla/5.0 (Linux; Android 8.1.0; BKK-L21) AppleWebKit/537.36 (KHTML, like Gecko) Chrome/85.0.4183.101 Mobile Safari/537.36"
188.162.73.142 - - [11/Sep/2020:09:23:09 +0000] "GET /upload/iblock_photos/electrical/se-60020/ HTTP/1.0" 302 - "http://www.sven.fi/ru/catalog/home_theater_sets/hp-530t.htm" "Mozilla/5.0 (Linux; Android 8.1.0; BKK-L21) AppleWebKit/537.36 (KHTML, like Gecko) Chrome/85.0.4183.101 Mobile Safari/537.36"
188.162.73.142 - - [11/Sep/2020:09:23:09 +0000] "GET /ru/ HTTP/1.0" 200 7858 "http://www.sven.fi/ru/catalog/home_theater_sets/hp-530t.htm" "Mozilla/5.0 (Linux; Android 8.1.0; BKK-L21) AppleWebKit/537.36 (KHTML, like Gecko) Chrome/85.0.4183.101 Mobile Safari/537.36"
188.162.73.142 - - [11/Sep/2020:09:23:09 +0000] "GET /?show=y HTTP/1.0" 302 - "http://www.sven.fi/ru/catalog/home_theater_sets/hp-530t.htm" "Mozilla/5.0 (Linux; Android 8.1.0; BKK-L21) AppleWebKit/537.36 (KHTML, like Gecko) Chrome/85.0.4183.101 Mobile Safari/537.36"
188.162.73.142 - - [11/Sep/2020:09:23:09 +0000] "GET /upload/iblock_photos/electrical/se-60021P/ HTTP/1.0" 302 - "http://www.sven.fi/ru/catalog/home_theater_sets/hp-530t.htm" "Mozilla/5.0 (Linux; Android 8.1.0; BKK-L21) AppleWebKit/537.36 (KHTML, like Gecko) Chrome/85.0.4183.101 Mobile Safari/537.36"
188.162.73.142 - - [11/Sep/2020:09:23:09 +0000] "GET /ru/ HTTP/1.0" 200 7856 "http://www.sven.fi/ru/catalog/home_theater_sets/hp-530t.htm" "Mozilla/5.0 (Linux; Android 8.1.0; BKK-L21) AppleWebKit/537.36 (KHTML, like Gecko) Chrome/85.0.4183.101 Mobile Safari/537.36"
188.162.73.142 - - [11/Sep/2020:09:23:09 +0000] "GET /?show=y HTTP/1.0" 302 - "http://www.sven.fi/ru/catalog/home_theater_sets/hp-530t.htm" "Mozilla/5.0 (Linux; Android 8.1.0; BKK-L21) AppleWebKit/537.36 (KHTML, like Gecko) Chrome/85.0.4183.101 Mobile Safari/537.36"
188.162.73.142 - - [11/Sep/2020:09:23:09 +0000] "GET /upload/iblock_photos/electrical/se-60023/ HTTP/1.0" 302 - "http://www.sven.fi/ru/catalog/home_theater_sets/hp-530t.htm" "Mozilla/5.0 (Linux; Android 8.1.0; BKK-L21) AppleWebKit/537.36 (KHTML, like Gecko) Chrome/85.0.4183.101 Mobile Safari/537.36"
188.162.73.142 - - [11/Sep/2020:09:23:09 +0000] "GET /ru/ HTTP/1.0" 200 7857 "http://www.sven.fi/ru/catalog/home_theater_sets/hp-530t.htm" "Mozilla/5.0 (Linux; Android 8.1.0; BKK-L21) AppleWebKit/537.36 (KHTML, like Gecko) Chrome/85.0.4183.101 Mobile Safari/537.36"
188.162.73.142 - - [11/Sep/2020:09:23:09 +0000] "GET /?show=y HTTP/1.0" 302 - "http://www.sven.fi/ru/catalog/home_theater_sets/hp-530t.htm" "Mozilla/5.0 (Linux; Android 8.1.0; BKK-L21) AppleWebKit/537.36 (KHTML, like Gecko) Chrome/85.0.4183.101 Mobile Safari/537.36"
188.162.73.142 - - [11/Sep/2020:09:23:10 +0000] "GET /upload/iblock_photos/electrical/se-60024/ HTTP/1.0" 302 - "http://www.sven.fi/ru/catalog/home_theater_sets/hp-530t.htm" "Mozilla/5.0 (Linux; Android 8.1.0; BKK-L21) AppleWebKit/537.36 (KHTML, like Gecko) Chrome/85.0.4183.101 Mobile Safari/537.36"
188.162.73.142 - - [11/Sep/2020:09:23:10 +0000] "GET /ru/ HTTP/1.0" 200 7856 "http://www.sven.fi/ru/catalog/home_theater_sets/hp-530t.htm" "Mozilla/5.0 (Linux; Android 8.1.0; BKK-L21) AppleWebKit/537.36 (KHTML, like Gecko) Chrome/85.0.4183.101 Mobile Safari/537.36"
188.162.73.142 - - [11/Sep/2020:09:23:10 +0000] "GET /?show=y HTTP/1.0" 302 - "http://www.sven.fi/ru/catalog/home_theater_sets/hp-530t.htm" "Mozilla/5.0 (Linux; Android 8.1.0; BKK-L21) AppleWebKit/537.36 (KHTML, like Gecko) Chrome/85.0.4183.101 Mobile Safari/537.36"
188.162.73.142 - - [11/Sep/2020:09:23:10 +0000] "GET /upload/iblock_photos/electrical/se-60027/ HTTP/1.0" 302 - "http://www.sven.fi/ru/catalog/home_theater_sets/hp-530t.htm" "Mozilla/5.0 (Linux; Android 8.1.0; BKK-L21) AppleWebKit/537.36 (KHTML, like Gecko) Chrome/85.0.4183.101 Mobile Safari/537.36"
185.191.171.20 - - [11/Sep/2020:09:23:10 +0000] "GET /ru/catalog/portable_acoustics/boogie_ball_r.htm HTTP/1.0" 200 14018 "-" "Mozilla/5.0 (compatible; SemrushBot/6~bl; +http://www.semrush.com/bot.html)"
188.162.73.142 - - [11/Sep/2020:09:23:10 +0000] "GET /ru/ HTTP/1.0" 200 7856 "http://www.sven.fi/ru/catalog/home_theater_sets/hp-530t.htm" "Mozilla/5.0 (Linux; Android 8.1.0; BKK-L21) AppleWebKit/537.36 (KHTML, like Gecko) Chrome/85.0.4183.101 Mobile Safari/537.36"
188.162.73.142 - - [11/Sep/2020:09:23:10 +0000] "GET /?show=y HTTP/1.0" 302 - "http://www.sven.fi/ru/catalog/home_theater_sets/hp-530t.htm" "Mozilla/5.0 (Linux; Android 8.1.0; BKK-L21) AppleWebKit/537.36 (KHTML, like Gecko) Chrome/85.0.4183.101 Mobile Safari/537.36"
188.162.73.142 - - [11/Sep/2020:09:23:10 +0000] "GET /upload/iblock_photos/electrical/se-60031m/ HTTP/1.0" 302 - "http://www.sven.fi/ru/catalog/home_theater_sets/hp-530t.htm" "Mozilla/5.0 (Linux; Android 8.1.0; BKK-L21) AppleWebKit/537.36 (KHTML, like Gecko) Chrome/85.0.4183.101 Mobile Safari/537.36"
188.162.73.142 - - [11/Sep/2020:09:23:10 +0000] "GET /ru/ HTTP/1.0" 200 7857 "http://www.sven.fi/ru/catalog/home_theater_sets/hp-530t.htm" "Mozilla/5.0 (Linux; Android 8.1.0; BKK-L21) AppleWebKit/537.36 (KHTML, like Gecko) Chrome/85.0.4183.101 Mobile Safari/537.36"
188.162.73.142 - - [11/Sep/2020:09:23:10 +0000] "GET /?show=y HTTP/1.0" 302 - "http://www.sven.fi/ru/catalog/home_theater_sets/hp-530t.htm" "Mozilla/5.0 (Linux; Android 8.1.0; BKK-L21) AppleWebKit/537.36 (KHTML, like Gecko) Chrome/85.0.4183.101 Mobile Safari/537.36"
188.162.73.142 - - [11/Sep/2020:09:23:10 +0000] "GET /upload/iblock_photos/electrical/se-60033/ HTTP/1.0" 302 - "http://www.sven.fi/ru/catalog/home_theater_sets/hp-530t.htm" "Mozilla/5.0 (Linux; Android 8.1.0; BKK-L21) AppleWebKit/537.36 (KHTML, like Gecko) Chrome/85.0.4183.101 Mobile Safari/537.36"
188.162.73.142 - - [11/Sep/2020:09:23:10 +0000] "GET /ru/ HTTP/1.0" 200 7858 "http://www.sven.fi/ru/catalog/home_theater_sets/hp-530t.htm" "Mozilla/5.0 (Linux; Android 8.1.0; BKK-L21) AppleWebKit/537.36 (KHTML, like Gecko) Chrome/85.0.4183.101 Mobile Safari/537.36"
188.162.73.142 - - [11/Sep/2020:09:23:11 +0000] "GET /?show=y HTTP/1.0" 302 - "http://www.sven.fi/ru/catalog/home_theater_sets/hp-530t.htm" "Mozilla/5.0 (Linux; Android 8.1.0; BKK-L21) AppleWebKit/537.36 (KHTML, like Gecko) Chrome/85.0.4183.101 Mobile Safari/537.36"
188.162.73.142 - - [11/Sep/2020:09:23:11 +0000] "GET /upload/iblock_photos/electrical/se-60034/ HTTP/1.0" 302 - "http://www.sven.fi/ru/catalog/home_theater_sets/hp-530t.htm" "Mozilla/5.0 (Linux; Android 8.1.0; BKK-L21) AppleWebKit/537.36 (KHTML, like Gecko) Chrome/85.0.4183.101 Mobile Safari/537.36"
188.162.73.142 - - [11/Sep/2020:09:23:11 +0000] "GET /ru/ HTTP/1.0" 200 7856 "http://www.sven.fi/ru/catalog/home_theater_sets/hp-530t.htm" "Mozilla/5.0 (Linux; Android 8.1.0; BKK-L21) AppleWebKit/537.36 (KHTML, like Gecko) Chrome/85.0.4183.101 Mobile Safari/537.36"
188.162.73.142 - - [11/Sep/2020:09:23:11 +0000] "GET /?show=y HTTP/1.0" 302 - "http://www.sven.fi/ru/catalog/home_theater_sets/hp-530t.htm" "Mozilla/5.0 (Linux; Android 8.1.0; BKK-L21) AppleWebKit/537.36 (KHTML, like Gecko) Chrome/85.0.4183.101 Mobile Safari/537.36"
188.162.73.142 - - [11/Sep/2020:09:23:11 +0000] "GET /ru/ HTTP/1.0" 200 7856 "http://www.sven.fi/ru/catalog/home_theater_sets/hp-530t.htm" "Mozilla/5.0 (Linux; Android 8.1.0; BKK-L21) AppleWebKit/537.36 (KHTML, like Gecko) Chrome/85.0.4183.101 Mobile Safari/537.36"
188.162.73.142 - - [11/Sep/2020:09:23:11 +0000] "GET /upload/iblock_photos/electrical/se-60036/ HTTP/1.0" 302 - "http://www.sven.fi/ru/catalog/home_theater_sets/hp-530t.htm" "Mozilla/5.0 (Linux; Android 8.1.0; BKK-L21) AppleWebKit/537.36 (KHTML, like Gecko) Chrome/85.0.4183.101 Mobile Safari/537.36"
188.162.73.142 - - [11/Sep/2020:09:23:11 +0000] "GET /upload/iblock_photos/electrical/se-60038c/ HTTP/1.0" 302 - "http://www.sven.fi/ru/catalog/home_theater_sets/hp-530t.htm" "Mozilla/5.0 (Linux; Android 8.1.0; BKK-L21) AppleWebKit/537.36 (KHTML, like Gecko) Chrome/85.0.4183.101 Mobile Safari/537.36"
188.162.73.142 - - [11/Sep/2020:09:23:11 +0000] "GET /upload/iblock_photos/electrical/se-65011/ HTTP/1.0" 302 - "http://www.sven.fi/ru/catalog/home_theater_sets/hp-530t.htm" "Mozilla/5.0 (Linux; Android 8.1.0; BKK-L21) AppleWebKit/537.36 (KHTML, like Gecko) Chrome/85.0.4183.101 Mobile Safari/537.36"
188.162.73.142 - - [11/Sep/2020:09:23:11 +0000] "GET /upload/iblock_photos/electrical/se-65012/ HTTP/1.0" 302 - "http://www.sven.fi/ru/catalog/home_theater_sets/hp-530t.htm" "Mozilla/5.0 (Linux; Android 8.1.0; BKK-L21) AppleWebKit/537.36 (KHTML, like Gecko) Chrome/85.0.4183.101 Mobile Safari/537.36"
188.162.73.142 - - [11/Sep/2020:09:23:11 +0000] "GET /upload/iblock_photos/electrical/se-60038f/ HTTP/1.0" 302 - "http://www.sven.fi/ru/catalog/home_theater_sets/hp-530t.htm" "Mozilla/5.0 (Linux; Android 8.1.0; BKK-L21) AppleWebKit/537.36 (KHTML, like Gecko) Chrome/85.0.4183.101 Mobile Safari/537.36"
188.162.73.142 - - [11/Sep/2020:09:23:11 +0000] "GET /upload/iblock_photos/electrical/se-65013/ HTTP/1.0" 302 - "http://www.sven.fi/ru/catalog/home_theater_sets/hp-530t.htm" "Mozilla/5.0 (Linux; Android 8.1.0; BKK-L21) AppleWebKit/537.36 (KHTML, like Gecko) Chrome/85.0.4183.101 Mobile Safari/537.36"
188.162.73.142 - - [11/Sep/2020:09:23:12 +0000] "GET /upload/iblock_photos/electrical/se-65014-b/ HTTP/1.0" 302 - "http://www.sven.fi/ru/catalog/home_theater_sets/hp-530t.htm" "Mozilla/5.0 (Linux; Android 8.1.0; BKK-L21) AppleWebKit/537.36 (KHTML, like Gecko) Chrome/85.0.4183.101 Mobile Safari/537.36"
188.162.73.142 - - [11/Sep/2020:09:23:12 +0000] "GET /upload/iblock_photos/electrical/se-65021/ HTTP/1.0" 302 - "http://www.sven.fi/ru/catalog/home_theater_sets/hp-530t.htm" "Mozilla/5.0 (Linux; Android 8.1.0; BKK-L21) AppleWebKit/537.36 (KHTML, like Gecko) Chrome/85.0.4183.101 Mobile Safari/537.36"
188.162.73.142 - - [11/Sep/2020:09:23:12 +0000] "GET /upload/iblock_photos/electrical/se-65015/ HTTP/1.0" 302 - "http://www.sven.fi/ru/catalog/home_theater_sets/hp-530t.htm" "Mozilla/5.0 (Linux; Android 8.1.0; BKK-L21) AppleWebKit/537.36 (KHTML, like Gecko) Chrome/85.0.4183.101 Mobile Safari/537.36"
188.162.73.142 - - [11/Sep/2020:09:23:12 +0000] "GET /upload/iblock_photos/electrical/se-65023/ HTTP/1.0" 302 - "http://www.sven.fi/ru/catalog/home_theater_sets/hp-530t.htm" "Mozilla/5.0 (Linux; Android 8.1.0; BKK-L21) AppleWebKit/537.36 (KHTML, like Gecko) Chrome/85.0.4183.101 Mobile Safari/537.36"
188.162.73.142 - - [11/Sep/2020:09:23:12 +0000] "GET /upload/iblock_photos/electrical/se-65421/ HTTP/1.0" 302 - "http://www.sven.fi/ru/catalog/home_theater_sets/hp-530t.htm" "Mozilla/5.0 (Linux; Android 8.1.0; BKK-L21) AppleWebKit/537.36 (KHTML, like Gecko) Chrome/85.0.4183.101 Mobile Safari/537.36"
188.162.73.142 - - [11/Sep/2020:09:23:12 +0000] "GET /ru/ HTTP/1.0" 200 7856 "http://www.sven.fi/ru/catalog/home_theater_sets/hp-530t.htm" "Mozilla/5.0 (Linux; Android 8.1.0; BKK-L21) AppleWebKit/537.36 (KHTML, like Gecko) Chrome/85.0.4183.101 Mobile Safari/537.36"
188.162.73.142 - - [11/Sep/2020:09:23:12 +0000] "GET /upload/iblock_photos/electrical/se-72011l/ HTTP/1.0" 302 - "http://www.sven.fi/ru/catalog/home_theater_sets/hp-530t.htm" "Mozilla/5.0 (Linux; Android 8.1.0; BKK-L21) AppleWebKit/537.36 (KHTML, like Gecko) Chrome/85.0.4183.101 Mobile Safari/537.36"
188.162.73.142 - - [11/Sep/2020:09:23:12 +0000] "GET /upload/iblock_photos/electrical/se-72012l/ HTTP/1.0" 302 - "http://www.sven.fi/ru/catalog/home_theater_sets/hp-530t.htm" "Mozilla/5.0 (Linux; Android 8.1.0; BKK-L21) AppleWebKit/537.36 (KHTML, like Gecko) Chrome/85.0.4183.101 Mobile Safari/537.36"
188.162.73.142 - - [11/Sep/2020:09:23:12 +0000] "GET /upload/iblock_photos/electrical/se-72014l-b/ HTTP/1.0" 302 - "http://www.sven.fi/ru/catalog/home_theater_sets/hp-530t.htm" "Mozilla/5.0 (Linux; Android 8.1.0; BKK-L21) AppleWebKit/537.36 (KHTML, like Gecko) Chrome/85.0.4183.101 Mobile Safari/537.36"
188.162.73.142 - - [11/Sep/2020:09:23:12 +0000] "GET /upload/iblock_photos/electrical/se-72013/ HTTP/1.0" 302 - "http://www.sven.fi/ru/catalog/home_theater_sets/hp-530t.htm" "Mozilla/5.0 (Linux; Android 8.1.0; BKK-L21) AppleWebKit/537.36 (KHTML, like Gecko) Chrome/85.0.4183.101 Mobile Safari/537.36"
188.162.73.142 - - [11/Sep/2020:09:23:12 +0000] "GET /upload/iblock_photos/electrical/se-72021p/ HTTP/1.0" 302 - "http://www.sven.fi/ru/catalog/home_theater_sets/hp-530t.htm" "Mozilla/5.0 (Linux; Android 8.1.0; BKK-L21) AppleWebKit/537.36 (KHTML, like Gecko) Chrome/85.0.4183.101 Mobile Safari/537.36"
188.162.73.142 - - [11/Sep/2020:09:23:12 +0000] "GET /upload/iblock_photos/%D1%81harger/usb_ac_charger_h113/ HTTP/1.0" 302 - "http://www.sven.fi/ru/catalog/home_theater_sets/hp-530t.htm" "Mozilla/5.0 (Linux; Android 8.1.0; BKK-L21) AppleWebKit/537.36 (KHTML, like Gecko) Chrome/85.0.4183.101 Mobile Safari/537.36"
188.162.73.142 - - [11/Sep/2020:09:23:12 +0000] "GET /upload/iblock_photos/%D1%81harger/usb_car_charger_c103/ HTTP/1.0" 302 - "http://www.sven.fi/ru/catalog/home_theater_sets/hp-530t.htm" "Mozilla/5.0 (Linux; Android 8.1.0; BKK-L21) AppleWebKit/537.36 (KHTML, like Gecko) Chrome/85.0.4183.101 Mobile Safari/537.36"
188.162.73.142 - - [11/Sep/2020:09:23:12 +0000] "GET /upload/iblock_photos/%D1%81harger/usb_car_charger_c127/ HTTP/1.0" 302 - "http://www.sven.fi/ru/catalog/home_theater_sets/hp-530t.htm" "Mozilla/5.0 (Linux; Android 8.1.0; BKK-L21) AppleWebKit/537.36 (KHTML, like Gecko) Chrome/85.0.4183.101 Mobile Safari/537.36"
188.162.73.142 - - [11/Sep/2020:09:23:12 +0000] "GET /upload/iblock_photos/%D1%81harger/usb_car_charger_c123/ HTTP/1.0" 302 - "http://www.sven.fi/ru/catalog/home_theater_sets/hp-530t.htm" "Mozilla/5.0 (Linux; Android 8.1.0; BKK-L21) AppleWebKit/537.36 (KHTML, like Gecko) Chrome/85.0.4183.101 Mobile Safari/537.36"
192.162.110.186 - - [11/Sep/2020:09:23:12 +0000] "GET /ru/catalog/gaming_headphone/ap-u988mv.htm HTTP/1.0" 200 13734 "https://www.google.com/" "Mozilla/5.0 (Windows NT 10.0; Win64; x64) AppleWebKit/537.36 (KHTML, like Gecko) Chrome/85.0.4183.102 Safari/537.36"
188.162.73.142 - - [11/Sep/2020:09:23:12 +0000] "GET /upload/iblock_photos/hs/hp-760f/ HTTP/1.0" 302 - "http://www.sven.fi/ru/catalog/home_theater_sets/hp-530t.htm" "Mozilla/5.0 (Linux; Android 8.1.0; BKK-L21) AppleWebKit/537.36 (KHTML, like Gecko) Chrome/85.0.4183.101 Mobile Safari/537.36"
188.162.73.142 - - [11/Sep/2020:09:23:12 +0000] "GET /upload/iblock_photos/hs/hp-760c/ HTTP/1.0" 302 - "http://www.sven.fi/ru/catalog/home_theater_sets/hp-530t.htm" "Mozilla/5.0 (Linux; Android 8.1.0; BKK-L21) AppleWebKit/537.36 (KHTML, like Gecko) Chrome/85.0.4183.101 Mobile Safari/537.36"
192.162.110.186 - - [11/Sep/2020:09:23:14 +0000] "GET /bitrix/tools/captcha.php?captcha_code=01dde50337956c36a08b7c32f2f1b5ab HTTP/1.0" 200 2680 "http://www.sven.fi/ru/catalog/gaming_headphone/ap-u988mv.htm" "Mozilla/5.0 (Windows NT 10.0; Win64; x64) AppleWebKit/537.36 (KHTML, like Gecko) Chrome/85.0.4183.102 Safari/537.36"
93.170.12.244 - - [11/Sep/2020:09:23:20 +0000] "GET /ru/rss HTTP/1.0" 200 66 "-" "Mozilla/5.0 (Windows NT 10.0; WOW64) AppleWebKit/537.36 (KHTML, like Gecko) Chrome/84.0.4147.135 Safari/537.36 OPR/70.0.3728.178 (Edition Yx)"
40.77.167.0 - - [11/Sep/2020:09:23:20 +0000] "GET /ru/catalog/microphones/mk-495.htm HTTP/1.0" 200 11940 "-" "Mozilla/5.0 (compatible; bingbot/2.0; +http://www.bing.com/bingbot.htm)"
185.191.171.10 - - [11/Sep/2020:09:23:28 +0000] "GET /gr/catalog/cables/hdmi_base.htm HTTP/1.0" 200 10664 "-" "Mozilla/5.0 (compatible; SemrushBot/6~bl; +http://www.semrush.com/bot.html)"
54.36.148.201 - - [11/Sep/2020:09:23:28 +0000] "GET /fi/catalog/ups/power_pro_plus_1000.htm HTTP/1.0" 200 10533 "-" "Mozilla/5.0 (compatible; AhrefsBot/7.0; +http://ahrefs.com/robot/)"
178.154.200.35 - - [11/Sep/2020:09:23:30 +0000] "GET /ru/ HTTP/1.0" 200 7857 "-" "Mozilla/5.0 (compatible; YandexBot/3.0; +http://yandex.com/bots)"
91.216.21.68 - - [11/Sep/2020:09:23:30 +0000] "GET /ru/catalog/mouse/rx-580sw.htm HTTP/1.0" 200 14037 "https://www.google.com/" "Mozilla/5.0 (Windows NT 10.0; Win64; x64) AppleWebKit/537.36 (KHTML, like Gecko) Chrome/85.0.4183.83 Safari/537.36"
91.216.21.68 - - [11/Sep/2020:09:23:33 +0000] "GET /bitrix/tools/captcha.php?captcha_code=08dc767d9c5d964cd8b775b1749a8a82 HTTP/1.0" 200 2565 "http://www.sven.fi/ru/catalog/mouse/rx-580sw.htm" "Mozilla/5.0 (Windows NT 10.0; Win64; x64) AppleWebKit/537.36 (KHTML, like Gecko) Chrome/85.0.4183.83 Safari/537.36"
185.191.171.4 - - [11/Sep/2020:09:23:36 +0000] "GET /en/catalog/multimedia_2.0/380.htm HTTP/1.0" 200 11279 "-" "Mozilla/5.0 (compatible; SemrushBot/6~bl; +http://www.semrush.com/bot.html)"
83.219.159.218 - - [11/Sep/2020:09:23:36 +0000] "GET /ru/catalog/usb_hubs/hb-432.htm HTTP/1.0" 200 10632 "https://yandex.ru/" "Mozilla/5.0 (Windows NT 10.0; Win64; x64) AppleWebKit/537.36 (KHTML, like Gecko) Chrome/70.0.3538.102 Safari/537.36 Edge/18.18362"
83.219.159.218 - - [11/Sep/2020:09:23:37 +0000] "GET /bitrix/tools/captcha.php?captcha_code=08834f40251698f39187f08e9876c9e0 HTTP/1.0" 200 2606 "http://www.sven.fi/ru/catalog/usb_hubs/hb-432.htm" "Mozilla/5.0 (Windows NT 10.0; Win64; x64) AppleWebKit/537.36 (KHTML, like Gecko) Chrome/70.0.3538.102 Safari/537.36 Edge/18.18362"
